#! /opt/homebrew/Cellar/icarus-verilog/12.0/bin/vvp
:ivl_version "12.0 (stable)";
:ivl_delay_selection "TYPICAL";
:vpi_time_precision - 12;
:vpi_module "/opt/homebrew/Cellar/icarus-verilog/12.0/lib/ivl/system.vpi";
:vpi_module "/opt/homebrew/Cellar/icarus-verilog/12.0/lib/ivl/vhdl_sys.vpi";
:vpi_module "/opt/homebrew/Cellar/icarus-verilog/12.0/lib/ivl/vhdl_textio.vpi";
:vpi_module "/opt/homebrew/Cellar/icarus-verilog/12.0/lib/ivl/v2005_math.vpi";
:vpi_module "/opt/homebrew/Cellar/icarus-verilog/12.0/lib/ivl/va_math.vpi";
S_0x1051c1bb0 .scope module, "mips_pipeline_tb" "mips_pipeline_tb" 2 3;
 .timescale -9 -12;
v0xb390b2760_0 .array/port v0xb390b2760, 0;
L_0xb38c499d0 .functor BUFZ 32, v0xb390b2760_0, C4<00000000000000000000000000000000>, C4<00000000000000000000000000000000>, C4<00000000000000000000000000000000>;
v0xb390b2760_1 .array/port v0xb390b2760, 1;
L_0xb38c49960 .functor BUFZ 32, v0xb390b2760_1, C4<00000000000000000000000000000000>, C4<00000000000000000000000000000000>, C4<00000000000000000000000000000000>;
v0xb390b2760_2 .array/port v0xb390b2760, 2;
L_0xb38c49500 .functor BUFZ 32, v0xb390b2760_2, C4<00000000000000000000000000000000>, C4<00000000000000000000000000000000>, C4<00000000000000000000000000000000>;
v0xb390b2760_3 .array/port v0xb390b2760, 3;
L_0xb38c49570 .functor BUFZ 32, v0xb390b2760_3, C4<00000000000000000000000000000000>, C4<00000000000000000000000000000000>, C4<00000000000000000000000000000000>;
v0xb390b2760_7 .array/port v0xb390b2760, 7;
L_0xb38c495e0 .functor BUFZ 32, v0xb390b2760_7, C4<00000000000000000000000000000000>, C4<00000000000000000000000000000000>, C4<00000000000000000000000000000000>;
v0xb390b2760_8 .array/port v0xb390b2760, 8;
L_0xb38c496c0 .functor BUFZ 32, v0xb390b2760_8, C4<00000000000000000000000000000000>, C4<00000000000000000000000000000000>, C4<00000000000000000000000000000000>;
v0xb390bd860_0 .net "R0", 31 0, L_0xb38c499d0;  1 drivers
v0xb390bd900_0 .net "R1", 31 0, L_0xb38c49960;  1 drivers
v0xb390bd9a0_0 .net "R2", 31 0, L_0xb38c49500;  1 drivers
v0xb390bda40_0 .net "R3", 31 0, L_0xb38c49570;  1 drivers
v0xb390bdae0_0 .net "R7", 31 0, L_0xb38c495e0;  1 drivers
v0xb390bdb80_0 .net "R8", 31 0, L_0xb38c496c0;  1 drivers
v0xb390bdc20_0 .var "clk", 0 0;
v0xb390bdcc0_0 .var/i "cycle", 31 0;
E_0xb3907cf00 .event negedge, v0xb39089f40_0;
S_0x1051c1890 .scope module, "uut" "mips_pipeline_top" 2 12, 3 1 0, S_0x1051c1bb0;
 .timescale 0 0;
    .port_info 0 /INPUT 1 "clk";
v0xb390bc640_0 .net "clk", 0 0, v0xb390bdc20_0;  1 drivers
v0xb390bc6e0_0 .net "ex_mem_alu_result", 31 0, v0xb39089cc0_0;  1 drivers
v0xb390bc780_0 .net "ex_mem_branch", 0 0, v0xb39089ea0_0;  1 drivers
v0xb390bc820_0 .net "ex_mem_memread", 0 0, v0xb3908a1c0_0;  1 drivers
v0xb390bc8c0_0 .net "ex_mem_memwrite", 0 0, v0xb3908a260_0;  1 drivers
v0xb390bc960_0 .net "ex_mem_npc", 31 0, v0xb39089b80_0;  1 drivers
v0xb390bca00_0 .net "ex_mem_rdata2", 31 0, v0xb3908a3a0_0;  1 drivers
v0xb390bcaa0_0 .net "ex_mem_wb", 1 0, v0xb3908a4e0_0;  1 drivers
v0xb390bcb40_0 .net "ex_mem_write_reg", 4 0, v0xb3908a120_0;  1 drivers
v0xb390bcbe0_0 .net "ex_mem_zero", 0 0, v0xb3908a580_0;  1 drivers
v0xb390bcc80_0 .net "id_ex_execute", 3 0, v0xb390b1a40_0;  1 drivers
v0xb390bcd20_0 .net "id_ex_instr_1511", 4 0, v0xb390b1c20_0;  1 drivers
v0xb390bcdc0_0 .net "id_ex_instr_2016", 4 0, v0xb390b1d60_0;  1 drivers
v0xb390bce60_0 .net "id_ex_instr_2521", 4 0, v0xb390b1ea0_0;  1 drivers
v0xb390bcf00_0 .net "id_ex_mem", 2 0, v0xb390b1f40_0;  1 drivers
v0xb390bcfa0_0 .net "id_ex_npc", 31 0, v0xb390b2080_0;  1 drivers
v0xb390bd040_0 .net "id_ex_readdat1", 31 0, v0xb390b21c0_0;  1 drivers
v0xb390bd0e0_0 .net "id_ex_readdat2", 31 0, v0xb390b2300_0;  1 drivers
v0xb390bd180_0 .net "id_ex_sign_ext", 31 0, v0xb390b24e0_0;  1 drivers
v0xb390bd220_0 .net "id_ex_wb", 1 0, v0xb390b2580_0;  1 drivers
v0xb390bd2c0_0 .net "if_id_instr", 31 0, v0xb390b94a0_0;  1 drivers
v0xb390bd360_0 .net "if_id_npc", 31 0, v0xb390b95e0_0;  1 drivers
v0xb390bd400_0 .net "mem_pcsrc", 0 0, L_0x1051c3410;  1 drivers
L_0xb39478010 .functor BUFT 1, C4<0>, C4<0>, C4<0>, C4<0>;
v0xb390bd4a0_0 .net "rst", 0 0, L_0xb39478010;  1 drivers
v0xb390bd540_0 .net "stall_ifid", 0 0, L_0x1051c2580;  1 drivers
v0xb390bd5e0_0 .net "stall_pc", 0 0, L_0x1051c2510;  1 drivers
v0xb390bd680_0 .net "wb_reg_write", 0 0, v0xb390bb7a0_0;  1 drivers
v0xb390bd720_0 .net "wb_write_data", 31 0, L_0xb38c717c0;  1 drivers
v0xb390bd7c0_0 .net "wb_write_reg", 4 0, v0xb390bb520_0;  1 drivers
L_0xb38c3a620 .part v0xb390b1f40_0, 1, 1;
L_0xb38c3a940 .part v0xb390b1a40_0, 3, 1;
L_0xb38c3a9e0 .part v0xb390b1a40_0, 0, 1;
L_0xb38c3aa80 .part v0xb390b1a40_0, 1, 2;
L_0xb38c3ab20 .part v0xb3908a4e0_0, 1, 1;
S_0x1051c1570 .scope module, "EX_stage" "EXECUTE" 3 91, 4 1 0, S_0x1051c1890;
 .timescale -9 -12;
    .port_info 0 /INPUT 1 "clk";
    .port_info 1 /INPUT 2 "wb_ctl";
    .port_info 2 /INPUT 3 "m_ctl";
    .port_info 3 /INPUT 1 "regdst";
    .port_info 4 /INPUT 1 "alusrc";
    .port_info 5 /INPUT 2 "aluop";
    .port_info 6 /INPUT 32 "npcout";
    .port_info 7 /INPUT 32 "rdata1";
    .port_info 8 /INPUT 32 "rdata2";
    .port_info 9 /INPUT 32 "s_extendout";
    .port_info 10 /INPUT 5 "instrout_2016";
    .port_info 11 /INPUT 5 "instrout_1511";
    .port_info 12 /INPUT 5 "id_ex_rs";
    .port_info 13 /INPUT 1 "ex_mem_regwrite_in";
    .port_info 14 /INPUT 5 "ex_mem_write_reg_in";
    .port_info 15 /INPUT 1 "mem_wb_regwrite_in";
    .port_info 16 /INPUT 5 "mem_wb_write_reg_in";
    .port_info 17 /INPUT 32 "mem_wb_write_data";
    .port_info 18 /OUTPUT 2 "wb_ctlout";
    .port_info 19 /OUTPUT 1 "branch";
    .port_info 20 /OUTPUT 1 "memread";
    .port_info 21 /OUTPUT 1 "memwrite";
    .port_info 22 /OUTPUT 32 "EX_MEM_NPC";
    .port_info 23 /OUTPUT 1 "zero";
    .port_info 24 /OUTPUT 32 "alu_result";
    .port_info 25 /OUTPUT 32 "rdata2out";
    .port_info 26 /OUTPUT 5 "five_bit_muxout";
v0xb3908ae40_0 .net "EX_MEM_NPC", 31 0, v0xb39089b80_0;  alias, 1 drivers
L_0xb39478448 .functor BUFT 1, C4<10>, C4<0>, C4<0>, C4<0>;
v0xb3908aee0_0 .net/2u *"_ivl_0", 1 0, L_0xb39478448;  1 drivers
L_0xb394784d8 .functor BUFT 1, C4<10>, C4<0>, C4<0>, C4<0>;
v0xb3908af80_0 .net/2u *"_ivl_12", 1 0, L_0xb394784d8;  1 drivers
v0xb3908b020_0 .net *"_ivl_14", 0 0, L_0xb39091ae0;  1 drivers
L_0xb39478520 .functor BUFT 1, C4<01>, C4<0>, C4<0>, C4<0>;
v0xb3908b0c0_0 .net/2u *"_ivl_16", 1 0, L_0xb39478520;  1 drivers
v0xb3908b160_0 .net *"_ivl_18", 0 0, L_0xb39091b80;  1 drivers
v0xb3908b200_0 .net *"_ivl_2", 0 0, L_0xb390919a0;  1 drivers
v0xb3908b2a0_0 .net *"_ivl_20", 31 0, L_0xb38c714a0;  1 drivers
L_0xb39478490 .functor BUFT 1, C4<01>, C4<0>, C4<0>, C4<0>;
v0xb3908b340_0 .net/2u *"_ivl_4", 1 0, L_0xb39478490;  1 drivers
v0xb3908b3e0_0 .net *"_ivl_6", 0 0, L_0xb39091a40;  1 drivers
v0xb3908b480_0 .net *"_ivl_8", 31 0, L_0xb38c71360;  1 drivers
v0xb3908b520_0 .net "adder_out", 31 0, L_0xb39091c20;  1 drivers
v0xb3908b5c0_0 .net "alu_a_in", 31 0, L_0xb38c71400;  1 drivers
v0xb3908b660_0 .net "alu_result", 31 0, v0xb39089cc0_0;  alias, 1 drivers
v0xb3908b700_0 .net "aluop", 1 0, L_0xb38c3aa80;  1 drivers
v0xb3908b7a0_0 .net "aluout", 31 0, v0xb39089540_0;  1 drivers
v0xb3908b840_0 .net "alusrc", 0 0, L_0xb38c3a9e0;  1 drivers
v0xb3908b8e0_0 .net "aluzero", 0 0, L_0xb38c3a8a0;  1 drivers
v0xb3908b980_0 .net "b", 31 0, L_0xb38c71720;  1 drivers
v0xb3908ba20_0 .net "branch", 0 0, v0xb39089ea0_0;  alias, 1 drivers
v0xb3908bac0_0 .net "clk", 0 0, v0xb390bdc20_0;  alias, 1 drivers
v0xb3908bb60_0 .net "control", 2 0, v0xb39089860_0;  1 drivers
v0xb3908bc00_0 .net "ex_mem_regwrite_in", 0 0, L_0xb38c3ab20;  1 drivers
v0xb3908bca0_0 .net "ex_mem_write_reg_in", 4 0, v0xb3908a120_0;  alias, 1 drivers
v0xb3908bd40_0 .net "five_bit_muxout", 4 0, v0xb3908a120_0;  alias, 1 drivers
v0xb3908bde0_0 .net "forward_a", 1 0, v0xb3908a800_0;  1 drivers
v0xb3908be80_0 .net "forward_b", 1 0, v0xb3908a8a0_0;  1 drivers
v0xb3908bf20_0 .net "fwd_b_out", 31 0, L_0xb38c71540;  1 drivers
v0xb390b0000_0 .net "id_ex_rs", 4 0, v0xb390b1ea0_0;  alias, 1 drivers
v0xb390b00a0_0 .net "instrout_1511", 4 0, v0xb390b1c20_0;  alias, 1 drivers
v0xb390b0140_0 .net "instrout_2016", 4 0, v0xb390b1d60_0;  alias, 1 drivers
v0xb390b01e0_0 .net "m_ctl", 2 0, v0xb390b1f40_0;  alias, 1 drivers
v0xb390b0280_0 .net "mem_wb_regwrite_in", 0 0, v0xb390bb7a0_0;  alias, 1 drivers
v0xb390b0320_0 .net "mem_wb_write_data", 31 0, L_0xb38c717c0;  alias, 1 drivers
v0xb390b03c0_0 .net "mem_wb_write_reg_in", 4 0, v0xb390bb520_0;  alias, 1 drivers
v0xb390b0460_0 .net "memread", 0 0, v0xb3908a1c0_0;  alias, 1 drivers
v0xb390b0500_0 .net "memwrite", 0 0, v0xb3908a260_0;  alias, 1 drivers
v0xb390b05a0_0 .net "muxout", 4 0, L_0xb38c715e0;  1 drivers
v0xb390b0640_0 .net "npcout", 31 0, v0xb390b2080_0;  alias, 1 drivers
v0xb390b06e0_0 .net "rdata1", 31 0, v0xb390b21c0_0;  alias, 1 drivers
v0xb390b0780_0 .net "rdata2", 31 0, v0xb390b2300_0;  alias, 1 drivers
v0xb390b0820_0 .net "rdata2out", 31 0, v0xb3908a3a0_0;  alias, 1 drivers
v0xb390b08c0_0 .net "regdst", 0 0, L_0xb38c3a940;  1 drivers
v0xb390b0960_0 .net "s_extendout", 31 0, v0xb390b24e0_0;  alias, 1 drivers
v0xb390b0a00_0 .net "wb_ctl", 1 0, v0xb390b2580_0;  alias, 1 drivers
v0xb390b0aa0_0 .net "wb_ctlout", 1 0, v0xb3908a4e0_0;  alias, 1 drivers
v0xb390b0b40_0 .net "zero", 0 0, v0xb3908a580_0;  alias, 1 drivers
L_0xb390919a0 .cmp/eq 2, v0xb3908a800_0, L_0xb39478448;
L_0xb39091a40 .cmp/eq 2, v0xb3908a800_0, L_0xb39478490;
L_0xb38c71360 .functor MUXZ 32, v0xb390b21c0_0, L_0xb38c717c0, L_0xb39091a40, C4<>;
L_0xb38c71400 .functor MUXZ 32, L_0xb38c71360, v0xb39089cc0_0, L_0xb390919a0, C4<>;
L_0xb39091ae0 .cmp/eq 2, v0xb3908a8a0_0, L_0xb394784d8;
L_0xb39091b80 .cmp/eq 2, v0xb3908a8a0_0, L_0xb39478520;
L_0xb38c714a0 .functor MUXZ 32, v0xb390b2300_0, L_0xb38c717c0, L_0xb39091b80, C4<>;
L_0xb38c71540 .functor MUXZ 32, L_0xb38c714a0, v0xb39089cc0_0, L_0xb39091ae0, C4<>;
L_0xb38c3a6c0 .part v0xb390b24e0_0, 0, 6;
S_0x1051c21f0 .scope module, "adder3" "adder" 4 50, 5 1 0, S_0x1051c1570;
 .timescale -9 -12;
    .port_info 0 /INPUT 32 "add_in1";
    .port_info 1 /INPUT 32 "add_in2";
    .port_info 2 /OUTPUT 32 "add_out";
v0xb39088fa0_0 .net "add_in1", 31 0, v0xb390b2080_0;  alias, 1 drivers
v0xb39088f00_0 .net "add_in2", 31 0, v0xb390b24e0_0;  alias, 1 drivers
v0xb39088e60_0 .net "add_out", 31 0, L_0xb39091c20;  alias, 1 drivers
L_0xb39091c20 .arith/sum 32, v0xb390b2080_0, v0xb390b24e0_0;
S_0x1051c1ed0 .scope module, "alu3" "alu" 4 66, 6 6 0, S_0x1051c1570;
 .timescale -9 -12;
    .port_info 0 /INPUT 32 "a";
    .port_info 1 /INPUT 32 "b";
    .port_info 2 /INPUT 3 "control";
    .port_info 3 /OUTPUT 32 "result";
    .port_info 4 /OUTPUT 1 "zero";
P_0xb39094a00 .param/l "ALUadd" 0 6 14, C4<010>;
P_0xb39094a40 .param/l "ALUand" 0 6 16, C4<000>;
P_0xb39094a80 .param/l "ALUor" 0 6 17, C4<001>;
P_0xb39094ac0 .param/l "ALUslt" 0 6 18, C4<111>;
P_0xb39094b00 .param/l "ALUsub" 0 6 15, C4<110>;
L_0x1051c33a0 .functor XOR 1, L_0xb38c3a760, L_0xb38c3a800, C4<0>, C4<0>;
v0xb39088320_0 .net *"_ivl_1", 0 0, L_0xb38c3a760;  1 drivers
L_0xb394785b0 .functor BUFT 1, C4<01>, C4<0>, C4<0>, C4<0>;
v0xb390885a0_0 .net/2s *"_ivl_10", 1 0, L_0xb394785b0;  1 drivers
L_0xb394785f8 .functor BUFT 1, C4<00>, C4<0>, C4<0>, C4<0>;
v0xb39089040_0 .net/2s *"_ivl_12", 1 0, L_0xb394785f8;  1 drivers
v0xb390890e0_0 .net *"_ivl_14", 1 0, L_0xb38c71680;  1 drivers
v0xb39089180_0 .net *"_ivl_3", 0 0, L_0xb38c3a800;  1 drivers
L_0xb39478568 .functor BUFT 1, C4<00000000000000000000000000000000>, C4<0>, C4<0>, C4<0>;
v0xb39089220_0 .net/2u *"_ivl_6", 31 0, L_0xb39478568;  1 drivers
v0xb390892c0_0 .net *"_ivl_8", 0 0, L_0xb39091cc0;  1 drivers
v0xb39089360_0 .net "a", 31 0, L_0xb38c71400;  alias, 1 drivers
v0xb39089400_0 .net "b", 31 0, L_0xb38c71720;  alias, 1 drivers
v0xb390894a0_0 .net "control", 2 0, v0xb39089860_0;  alias, 1 drivers
v0xb39089540_0 .var "result", 31 0;
v0xb390895e0_0 .net "sign_mismatch", 0 0, L_0x1051c33a0;  1 drivers
v0xb39089680_0 .net "zero", 0 0, L_0xb38c3a8a0;  alias, 1 drivers
E_0xb3907d080 .event anyedge, v0xb390894a0_0, v0xb39089360_0, v0xb39089400_0, v0xb390895e0_0;
L_0xb38c3a760 .part L_0xb38c71400, 31, 1;
L_0xb38c3a800 .part L_0xb38c71720, 31, 1;
L_0xb39091cc0 .cmp/eq 32, v0xb39089540_0, L_0xb39478568;
L_0xb38c71680 .functor MUXZ 2, L_0xb394785f8, L_0xb394785b0, L_0xb39091cc0, C4<>;
L_0xb38c3a8a0 .part L_0xb38c71680, 0, 1;
S_0x1051c5680 .scope module, "alu_control3" "alu_control" 4 61, 7 5 0, S_0x1051c1570;
 .timescale -9 -12;
    .port_info 0 /INPUT 6 "funct";
    .port_info 1 /INPUT 2 "aluop";
    .port_info 2 /OUTPUT 3 "select";
P_0x1051c9740 .param/l "ALUadd" 0 7 27, C4<010>;
P_0x1051c9780 .param/l "ALUand" 0 7 29, C4<000>;
P_0x1051c97c0 .param/l "ALUor" 0 7 30, C4<001>;
P_0x1051c9800 .param/l "ALUslt" 0 7 31, C4<111>;
P_0x1051c9840 .param/l "ALUsub" 0 7 28, C4<110>;
P_0x1051c9880 .param/l "ALUx" 0 7 36, C4<011>;
P_0x1051c98c0 .param/l "FUNCTadd" 0 7 38, C4<100000>;
P_0x1051c9900 .param/l "FUNCTand" 0 7 40, C4<100100>;
P_0x1051c9940 .param/l "FUNCTor" 0 7 41, C4<100101>;
P_0x1051c9980 .param/l "FUNCTslt" 0 7 42, C4<101010>;
P_0x1051c99c0 .param/l "FUNCTsub" 0 7 39, C4<100010>;
P_0x1051c9a00 .param/l "Itype" 0 7 24, C4<01>;
P_0x1051c9a40 .param/l "Rtype" 0 7 12, C4<10>;
P_0x1051c9a80 .param/l "lwsw" 0 7 23, C4<00>;
P_0x1051c9ac0 .param/l "unknown" 0 7 35, C4<11>;
P_0x1051c9b00 .param/l "xis" 0 7 25, C4<xxxxxx>;
v0xb39089720_0 .net "aluop", 1 0, L_0xb38c3aa80;  alias, 1 drivers
v0xb390897c0_0 .net "funct", 5 0, L_0xb38c3a6c0;  1 drivers
v0xb39089860_0 .var "select", 2 0;
E_0xb3907d4c0 .event anyedge, v0xb39089720_0, v0xb390897c0_0, v0xb390894a0_0;
S_0x1051b8310 .scope module, "bottom_mux3" "bottom_mux" 4 55, 8 7 0, S_0x1051c1570;
 .timescale -9 -12;
    .port_info 0 /OUTPUT 5 "y";
    .port_info 1 /INPUT 5 "a";
    .port_info 2 /INPUT 5 "b";
    .port_info 3 /INPUT 1 "sel";
v0xb39089900_0 .net "a", 4 0, v0xb390b1c20_0;  alias, 1 drivers
v0xb390899a0_0 .net "b", 4 0, v0xb390b1d60_0;  alias, 1 drivers
v0xb39089a40_0 .net "sel", 0 0, L_0xb38c3a940;  alias, 1 drivers
v0xb39089ae0_0 .net "y", 4 0, L_0xb38c715e0;  alias, 1 drivers
L_0xb38c715e0 .functor MUXZ 5, v0xb390b1d60_0, v0xb390b1c20_0, L_0xb38c3a940, C4<>;
S_0x1051b8490 .scope module, "ex_mem3" "ex_mem" 4 79, 9 4 0, S_0x1051c1570;
 .timescale -9 -12;
    .port_info 0 /INPUT 1 "clk";
    .port_info 1 /INPUT 2 "ctlwb_out";
    .port_info 2 /INPUT 3 "ctlm_out";
    .port_info 3 /INPUT 32 "adder_out";
    .port_info 4 /INPUT 1 "aluzero";
    .port_info 5 /INPUT 32 "aluout";
    .port_info 6 /INPUT 32 "readdat2";
    .port_info 7 /INPUT 5 "muxout";
    .port_info 8 /OUTPUT 2 "wb_ctlout";
    .port_info 9 /OUTPUT 1 "branch";
    .port_info 10 /OUTPUT 1 "memread";
    .port_info 11 /OUTPUT 1 "memwrite";
    .port_info 12 /OUTPUT 32 "add_result";
    .port_info 13 /OUTPUT 1 "zero";
    .port_info 14 /OUTPUT 32 "alu_result";
    .port_info 15 /OUTPUT 32 "rdata2out";
    .port_info 16 /OUTPUT 5 "five_bit_muxout";
v0xb39089b80_0 .var "add_result", 31 0;
v0xb39089c20_0 .net "adder_out", 31 0, L_0xb39091c20;  alias, 1 drivers
v0xb39089cc0_0 .var "alu_result", 31 0;
v0xb39089d60_0 .net "aluout", 31 0, v0xb39089540_0;  alias, 1 drivers
v0xb39089e00_0 .net "aluzero", 0 0, L_0xb38c3a8a0;  alias, 1 drivers
v0xb39089ea0_0 .var "branch", 0 0;
v0xb39089f40_0 .net "clk", 0 0, v0xb390bdc20_0;  alias, 1 drivers
v0xb39089fe0_0 .net "ctlm_out", 2 0, v0xb390b1f40_0;  alias, 1 drivers
v0xb3908a080_0 .net "ctlwb_out", 1 0, v0xb390b2580_0;  alias, 1 drivers
v0xb3908a120_0 .var "five_bit_muxout", 4 0;
v0xb3908a1c0_0 .var "memread", 0 0;
v0xb3908a260_0 .var "memwrite", 0 0;
v0xb3908a300_0 .net "muxout", 4 0, L_0xb38c715e0;  alias, 1 drivers
v0xb3908a3a0_0 .var "rdata2out", 31 0;
v0xb3908a440_0 .net "readdat2", 31 0, v0xb390b2300_0;  alias, 1 drivers
v0xb3908a4e0_0 .var "wb_ctlout", 1 0;
v0xb3908a580_0 .var "zero", 0 0;
E_0xb3907d500 .event posedge, v0xb39089f40_0;
S_0x1051b01c0 .scope module, "fu0" "forwarding_unit" 4 32, 10 1 0, S_0x1051c1570;
 .timescale -9 -12;
    .port_info 0 /INPUT 1 "ex_mem_regwrite";
    .port_info 1 /INPUT 5 "ex_mem_write_reg";
    .port_info 2 /INPUT 1 "mem_wb_regwrite";
    .port_info 3 /INPUT 5 "mem_wb_write_reg";
    .port_info 4 /INPUT 5 "id_ex_rs";
    .port_info 5 /INPUT 5 "id_ex_rt";
    .port_info 6 /OUTPUT 2 "forward_a";
    .port_info 7 /OUTPUT 2 "forward_b";
v0xb3908a6c0_0 .net "ex_mem_regwrite", 0 0, L_0xb38c3ab20;  alias, 1 drivers
v0xb3908a760_0 .net "ex_mem_write_reg", 4 0, v0xb3908a120_0;  alias, 1 drivers
v0xb3908a800_0 .var "forward_a", 1 0;
v0xb3908a8a0_0 .var "forward_b", 1 0;
v0xb3908a940_0 .net "id_ex_rs", 4 0, v0xb390b1ea0_0;  alias, 1 drivers
v0xb3908a9e0_0 .net "id_ex_rt", 4 0, v0xb390b1d60_0;  alias, 1 drivers
v0xb3908aa80_0 .net "mem_wb_regwrite", 0 0, v0xb390bb7a0_0;  alias, 1 drivers
v0xb3908ab20_0 .net "mem_wb_write_reg", 4 0, v0xb390bb520_0;  alias, 1 drivers
E_0xb3907d540/0 .event anyedge, v0xb3908a6c0_0, v0xb3908a120_0, v0xb3908a940_0, v0xb3908aa80_0;
E_0xb3907d540/1 .event anyedge, v0xb3908ab20_0, v0xb390899a0_0;
E_0xb3907d540 .event/or E_0xb3907d540/0, E_0xb3907d540/1;
S_0x1051b0340 .scope module, "top_mux3" "top_mux" 4 73, 11 1 0, S_0x1051c1570;
 .timescale -9 -12;
    .port_info 0 /OUTPUT 32 "y";
    .port_info 1 /INPUT 32 "a";
    .port_info 2 /INPUT 32 "b";
    .port_info 3 /INPUT 1 "alusrc";
v0xb3908abc0_0 .net "a", 31 0, v0xb390b24e0_0;  alias, 1 drivers
v0xb3908ac60_0 .net "alusrc", 0 0, L_0xb38c3a9e0;  alias, 1 drivers
v0xb3908ad00_0 .net "b", 31 0, L_0xb38c71540;  alias, 1 drivers
v0xb3908ada0_0 .net "y", 31 0, L_0xb38c71720;  alias, 1 drivers
L_0xb38c71720 .functor MUXZ 32, L_0xb38c71540, v0xb390b24e0_0, L_0xb38c3a9e0, C4<>;
S_0x1051b4160 .scope module, "ID_stage" "decode" 3 61, 12 1 0, S_0x1051c1890;
 .timescale -9 -12;
    .port_info 0 /INPUT 1 "clk";
    .port_info 1 /INPUT 1 "rst";
    .port_info 2 /INPUT 1 "wb_reg_write";
    .port_info 3 /INPUT 5 "wb_write_reg_location";
    .port_info 4 /INPUT 32 "mem_wb_write_data";
    .port_info 5 /INPUT 32 "if_id_instr";
    .port_info 6 /INPUT 32 "if_id_npc";
    .port_info 7 /INPUT 1 "id_ex_memread";
    .port_info 8 /INPUT 5 "id_ex_rt_for_haz";
    .port_info 9 /OUTPUT 1 "stall_pc";
    .port_info 10 /OUTPUT 1 "stall_ifid";
    .port_info 11 /OUTPUT 2 "id_ex_wb";
    .port_info 12 /OUTPUT 3 "id_ex_mem";
    .port_info 13 /OUTPUT 4 "id_ex_execute";
    .port_info 14 /OUTPUT 32 "id_ex_npc";
    .port_info 15 /OUTPUT 32 "id_ex_readdat1";
    .port_info 16 /OUTPUT 32 "id_ex_readdat2";
    .port_info 17 /OUTPUT 32 "id_ex_sign_ext";
    .port_info 18 /OUTPUT 5 "id_ex_instr_bits_20_16";
    .port_info 19 /OUTPUT 5 "id_ex_instr_bits_15_11";
    .port_info 20 /OUTPUT 5 "id_ex_instr_bits_25_21";
L_0xb39478370 .functor BUFT 1, C4<00>, C4<0>, C4<0>, C4<0>;
v0xb390b3de0_0 .net/2u *"_ivl_12", 1 0, L_0xb39478370;  1 drivers
L_0xb394783b8 .functor BUFT 1, C4<000>, C4<0>, C4<0>, C4<0>;
v0xb390b3e80_0 .net/2u *"_ivl_16", 2 0, L_0xb394783b8;  1 drivers
L_0xb39478400 .functor BUFT 1, C4<0000>, C4<0>, C4<0>, C4<0>;
v0xb390b3f20_0 .net/2u *"_ivl_20", 3 0, L_0xb39478400;  1 drivers
v0xb390b8000_0 .net "bubble_signal", 0 0, L_0xb38c49b90;  1 drivers
v0xb390b80a0_0 .net "clk", 0 0, v0xb390bdc20_0;  alias, 1 drivers
v0xb390b8140_0 .net "ex_internal", 3 0, v0xb390b0c80_0;  1 drivers
v0xb390b81e0_0 .net "ex_to_latch", 3 0, L_0xb38c712c0;  1 drivers
v0xb390b8280_0 .net "id_ex_execute", 3 0, v0xb390b1a40_0;  alias, 1 drivers
v0xb390b8320_0 .net "id_ex_instr_bits_15_11", 4 0, v0xb390b1c20_0;  alias, 1 drivers
v0xb390b83c0_0 .net "id_ex_instr_bits_20_16", 4 0, v0xb390b1d60_0;  alias, 1 drivers
v0xb390b8460_0 .net "id_ex_instr_bits_25_21", 4 0, v0xb390b1ea0_0;  alias, 1 drivers
v0xb390b8500_0 .net "id_ex_mem", 2 0, v0xb390b1f40_0;  alias, 1 drivers
v0xb390b85a0_0 .net "id_ex_memread", 0 0, L_0xb38c3a620;  1 drivers
v0xb390b8640_0 .net "id_ex_npc", 31 0, v0xb390b2080_0;  alias, 1 drivers
v0xb390b86e0_0 .net "id_ex_readdat1", 31 0, v0xb390b21c0_0;  alias, 1 drivers
v0xb390b8780_0 .net "id_ex_readdat2", 31 0, v0xb390b2300_0;  alias, 1 drivers
v0xb390b8820_0 .net "id_ex_rt_for_haz", 4 0, v0xb390b1d60_0;  alias, 1 drivers
v0xb390b88c0_0 .net "id_ex_sign_ext", 31 0, v0xb390b24e0_0;  alias, 1 drivers
v0xb390b8960_0 .net "id_ex_wb", 1 0, v0xb390b2580_0;  alias, 1 drivers
v0xb390b8a00_0 .net "if_id_instr", 31 0, v0xb390b94a0_0;  alias, 1 drivers
v0xb390b8aa0_0 .net "if_id_npc", 31 0, v0xb390b95e0_0;  alias, 1 drivers
v0xb390b8b40_0 .net "mem_internal", 2 0, v0xb390b0d20_0;  1 drivers
v0xb390b8be0_0 .net "mem_to_latch", 2 0, L_0xb38c71220;  1 drivers
v0xb390b8c80_0 .net "mem_wb_write_data", 31 0, L_0xb38c717c0;  alias, 1 drivers
v0xb390b8d20_0 .net "readdat1_internal", 31 0, L_0xb38c70e60;  1 drivers
v0xb390b8dc0_0 .net "readdat2_internal", 31 0, L_0xb38c710e0;  1 drivers
v0xb390b8e60_0 .net "rst", 0 0, L_0xb39478010;  alias, 1 drivers
v0xb390b8f00_0 .net "sign_ext_internal", 31 0, L_0xb38c70be0;  1 drivers
v0xb390b8fa0_0 .net "stall_ifid", 0 0, L_0x1051c2580;  alias, 1 drivers
v0xb390b9040_0 .net "stall_pc", 0 0, L_0x1051c2510;  alias, 1 drivers
v0xb390b90e0_0 .net "wb_internal", 1 0, v0xb390b0f00_0;  1 drivers
v0xb390b9180_0 .net "wb_reg_write", 0 0, v0xb390bb7a0_0;  alias, 1 drivers
v0xb390b9220_0 .net "wb_to_latch", 1 0, L_0xb38c71180;  1 drivers
v0xb390b92c0_0 .net "wb_write_reg_location", 4 0, v0xb390bb520_0;  alias, 1 drivers
L_0xb38c39fe0 .part v0xb390b94a0_0, 21, 5;
L_0xb38c3a080 .part v0xb390b94a0_0, 16, 5;
L_0xb38c3a1c0 .part v0xb390b94a0_0, 0, 16;
L_0xb38c3a260 .part v0xb390b94a0_0, 21, 5;
L_0xb38c3a300 .part v0xb390b94a0_0, 16, 5;
L_0xb38c3a3a0 .part v0xb390b94a0_0, 26, 6;
L_0xb38c71180 .functor MUXZ 2, v0xb390b0f00_0, L_0xb39478370, L_0xb38c49b90, C4<>;
L_0xb38c71220 .functor MUXZ 3, v0xb390b0d20_0, L_0xb394783b8, L_0xb38c49b90, C4<>;
L_0xb38c712c0 .functor MUXZ 4, v0xb390b0c80_0, L_0xb39478400, L_0xb38c49b90, C4<>;
L_0xb38c3a440 .part v0xb390b94a0_0, 16, 5;
L_0xb38c3a4e0 .part v0xb390b94a0_0, 11, 5;
L_0xb38c3a580 .part v0xb390b94a0_0, 21, 5;
S_0xb390b4000 .scope module, "c0" "control" 12 61, 13 1 0, S_0x1051b4160;
 .timescale -9 -12;
    .port_info 0 /INPUT 1 "clk";
    .port_info 1 /INPUT 1 "rst";
    .port_info 2 /INPUT 6 "opcode";
    .port_info 3 /OUTPUT 2 "wb";
    .port_info 4 /OUTPUT 3 "mem";
    .port_info 5 /OUTPUT 4 "ex";
P_0xb39094000 .param/l "BEQ" 0 13 12, C4<000100>;
P_0xb39094040 .param/l "LW" 0 13 10, C4<100011>;
P_0xb39094080 .param/l "NOP" 0 13 13, C4<100000>;
P_0xb390940c0 .param/l "RTYPE" 0 13 9, C4<000000>;
P_0xb39094100 .param/l "SW" 0 13 11, C4<101011>;
v0xb390b0be0_0 .net "clk", 0 0, v0xb390bdc20_0;  alias, 1 drivers
v0xb390b0c80_0 .var "ex", 3 0;
v0xb390b0d20_0 .var "mem", 2 0;
v0xb390b0dc0_0 .net "opcode", 5 0, L_0xb38c3a3a0;  1 drivers
v0xb390b0e60_0 .net "rst", 0 0, L_0xb39478010;  alias, 1 drivers
v0xb390b0f00_0 .var "wb", 1 0;
E_0xb3907d6c0 .event anyedge, v0xb390b0dc0_0;
S_0xb390b4180 .scope module, "hd0" "hazard_detection" 12 34, 14 1 0, S_0x1051b4160;
 .timescale -9 -12;
    .port_info 0 /INPUT 1 "id_ex_memread";
    .port_info 1 /INPUT 5 "id_ex_rt";
    .port_info 2 /INPUT 5 "if_id_rs";
    .port_info 3 /INPUT 5 "if_id_rt";
    .port_info 4 /OUTPUT 1 "stall_pc";
    .port_info 5 /OUTPUT 1 "stall_ifid";
    .port_info 6 /OUTPUT 1 "bubble";
L_0x1051b8610 .functor AND 1, L_0xb38c3a620, L_0xb39091360, C4<1>, C4<1>;
L_0x1051bc980 .functor OR 1, L_0xb39091400, L_0xb390914a0, C4<0>, C4<0>;
L_0x1051c5e40 .functor AND 1, L_0x1051b8610, L_0x1051bc980, C4<1>, C4<1>;
L_0x1051c2510 .functor NOT 1, L_0x1051c5e40, C4<0>, C4<0>, C4<0>;
L_0x1051c2580 .functor NOT 1, L_0x1051c5e40, C4<0>, C4<0>, C4<0>;
L_0xb38c49b90 .functor BUFZ 1, L_0x1051c5e40, C4<0>, C4<0>, C4<0>;
L_0xb394780e8 .functor BUFT 1, C4<00000>, C4<0>, C4<0>, C4<0>;
v0xb390b0fa0_0 .net/2u *"_ivl_0", 4 0, L_0xb394780e8;  1 drivers
v0xb390b1040_0 .net *"_ivl_11", 0 0, L_0x1051bc980;  1 drivers
v0xb390b10e0_0 .net *"_ivl_2", 0 0, L_0xb39091360;  1 drivers
v0xb390b1180_0 .net *"_ivl_5", 0 0, L_0x1051b8610;  1 drivers
v0xb390b1220_0 .net *"_ivl_6", 0 0, L_0xb39091400;  1 drivers
v0xb390b12c0_0 .net *"_ivl_8", 0 0, L_0xb390914a0;  1 drivers
v0xb390b1360_0 .net "bubble", 0 0, L_0xb38c49b90;  alias, 1 drivers
v0xb390b1400_0 .net "id_ex_memread", 0 0, L_0xb38c3a620;  alias, 1 drivers
v0xb390b14a0_0 .net "id_ex_rt", 4 0, v0xb390b1d60_0;  alias, 1 drivers
v0xb390b1540_0 .net "if_id_rs", 4 0, L_0xb38c39fe0;  1 drivers
v0xb390b15e0_0 .net "if_id_rt", 4 0, L_0xb38c3a080;  1 drivers
v0xb390b1680_0 .net "stall", 0 0, L_0x1051c5e40;  1 drivers
v0xb390b1720_0 .net "stall_ifid", 0 0, L_0x1051c2580;  alias, 1 drivers
v0xb390b17c0_0 .net "stall_pc", 0 0, L_0x1051c2510;  alias, 1 drivers
L_0xb39091360 .cmp/ne 5, v0xb390b1d60_0, L_0xb394780e8;
L_0xb39091400 .cmp/eq 5, v0xb390b1d60_0, L_0xb38c39fe0;
L_0xb390914a0 .cmp/eq 5, v0xb390b1d60_0, L_0xb38c3a080;
S_0xb390b4300 .scope module, "iEL0" "idExLatch" 12 75, 15 1 0, S_0x1051b4160;
 .timescale -9 -12;
    .port_info 0 /INPUT 1 "clk";
    .port_info 1 /INPUT 1 "rst";
    .port_info 2 /INPUT 2 "ctl_wb";
    .port_info 3 /INPUT 3 "ctl_mem";
    .port_info 4 /INPUT 4 "ctl_ex";
    .port_info 5 /INPUT 32 "npc";
    .port_info 6 /INPUT 32 "readdat1";
    .port_info 7 /INPUT 32 "readdat2";
    .port_info 8 /INPUT 32 "sign_ext";
    .port_info 9 /INPUT 5 "instr_bits_20_16";
    .port_info 10 /INPUT 5 "instr_bits_15_11";
    .port_info 11 /INPUT 5 "instr_bits_25_21";
    .port_info 12 /OUTPUT 5 "instr_bits_25_21_out";
    .port_info 13 /OUTPUT 2 "wb_out";
    .port_info 14 /OUTPUT 3 "mem_out";
    .port_info 15 /OUTPUT 4 "ctl_out";
    .port_info 16 /OUTPUT 32 "npc_out";
    .port_info 17 /OUTPUT 32 "readdat1_out";
    .port_info 18 /OUTPUT 32 "readdat2_out";
    .port_info 19 /OUTPUT 32 "sign_ext_out";
    .port_info 20 /OUTPUT 5 "instr_bits_20_16_out";
    .port_info 21 /OUTPUT 5 "instr_bits_15_11_out";
v0xb390b1860_0 .net "clk", 0 0, v0xb390bdc20_0;  alias, 1 drivers
v0xb390b1900_0 .net "ctl_ex", 3 0, L_0xb38c712c0;  alias, 1 drivers
v0xb390b19a0_0 .net "ctl_mem", 2 0, L_0xb38c71220;  alias, 1 drivers
v0xb390b1a40_0 .var "ctl_out", 3 0;
v0xb390b1ae0_0 .net "ctl_wb", 1 0, L_0xb38c71180;  alias, 1 drivers
v0xb390b1b80_0 .net "instr_bits_15_11", 4 0, L_0xb38c3a4e0;  1 drivers
v0xb390b1c20_0 .var "instr_bits_15_11_out", 4 0;
v0xb390b1cc0_0 .net "instr_bits_20_16", 4 0, L_0xb38c3a440;  1 drivers
v0xb390b1d60_0 .var "instr_bits_20_16_out", 4 0;
v0xb390b1e00_0 .net "instr_bits_25_21", 4 0, L_0xb38c3a580;  1 drivers
v0xb390b1ea0_0 .var "instr_bits_25_21_out", 4 0;
v0xb390b1f40_0 .var "mem_out", 2 0;
v0xb390b1fe0_0 .net "npc", 31 0, v0xb390b95e0_0;  alias, 1 drivers
v0xb390b2080_0 .var "npc_out", 31 0;
v0xb390b2120_0 .net "readdat1", 31 0, L_0xb38c70e60;  alias, 1 drivers
v0xb390b21c0_0 .var "readdat1_out", 31 0;
v0xb390b2260_0 .net "readdat2", 31 0, L_0xb38c710e0;  alias, 1 drivers
v0xb390b2300_0 .var "readdat2_out", 31 0;
v0xb390b23a0_0 .net "rst", 0 0, L_0xb39478010;  alias, 1 drivers
v0xb390b2440_0 .net "sign_ext", 31 0, L_0xb38c70be0;  alias, 1 drivers
v0xb390b24e0_0 .var "sign_ext_out", 31 0;
v0xb390b2580_0 .var "wb_out", 1 0;
S_0xb390b4480 .scope module, "rf0" "regfile" 12 49, 16 1 0, S_0x1051b4160;
 .timescale -9 -12;
    .port_info 0 /INPUT 1 "clk";
    .port_info 1 /INPUT 1 "rst";
    .port_info 2 /INPUT 1 "regwrite";
    .port_info 3 /INPUT 5 "rs";
    .port_info 4 /INPUT 5 "rt";
    .port_info 5 /INPUT 5 "rd";
    .port_info 6 /INPUT 32 "writedata";
    .port_info 7 /OUTPUT 32 "A_readdat1";
    .port_info 8 /OUTPUT 32 "B_readdat2";
L_0x1051c0e90 .functor AND 1, v0xb390bb7a0_0, L_0xb39091680, C4<1>, C4<1>;
L_0x1051c0f00 .functor AND 1, L_0x1051c0e90, L_0xb39091720, C4<1>, C4<1>;
L_0x1051c2830 .functor AND 1, v0xb390bb7a0_0, L_0xb39091860, C4<1>, C4<1>;
L_0x1051c28a0 .functor AND 1, L_0x1051c2830, L_0xb39091900, C4<1>, C4<1>;
v0xb390b2620_0 .net "A_readdat1", 31 0, L_0xb38c70e60;  alias, 1 drivers
v0xb390b26c0_0 .net "B_readdat2", 31 0, L_0xb38c710e0;  alias, 1 drivers
v0xb390b2760 .array "REG", 31 0, 31 0;
L_0xb39478130 .functor BUFT 1, C4<00000>, C4<0>, C4<0>, C4<0>;
v0xb390b2800_0 .net/2u *"_ivl_0", 4 0, L_0xb39478130;  1 drivers
L_0xb394781c0 .functor BUFT 1, C4<00000>, C4<0>, C4<0>, C4<0>;
v0xb390b28a0_0 .net/2u *"_ivl_10", 4 0, L_0xb394781c0;  1 drivers
v0xb390b2940_0 .net *"_ivl_12", 0 0, L_0xb39091720;  1 drivers
v0xb390b29e0_0 .net *"_ivl_15", 0 0, L_0x1051c0f00;  1 drivers
v0xb390b2a80_0 .net *"_ivl_16", 31 0, L_0xb38c70c80;  1 drivers
v0xb390b2b20_0 .net *"_ivl_18", 6 0, L_0xb38c70d20;  1 drivers
v0xb390b2bc0_0 .net *"_ivl_2", 0 0, L_0xb390915e0;  1 drivers
L_0xb39478208 .functor BUFT 1, C4<00>, C4<0>, C4<0>, C4<0>;
v0xb390b2c60_0 .net *"_ivl_21", 1 0, L_0xb39478208;  1 drivers
v0xb390b2d00_0 .net *"_ivl_22", 31 0, L_0xb38c70dc0;  1 drivers
L_0xb39478250 .functor BUFT 1, C4<00000>, C4<0>, C4<0>, C4<0>;
v0xb390b2da0_0 .net/2u *"_ivl_26", 4 0, L_0xb39478250;  1 drivers
v0xb390b2e40_0 .net *"_ivl_28", 0 0, L_0xb390917c0;  1 drivers
L_0xb39478298 .functor BUFT 1, C4<00000000000000000000000000000000>, C4<0>, C4<0>, C4<0>;
v0xb390b2ee0_0 .net/2u *"_ivl_30", 31 0, L_0xb39478298;  1 drivers
v0xb390b2f80_0 .net *"_ivl_32", 0 0, L_0xb39091860;  1 drivers
v0xb390b3020_0 .net *"_ivl_35", 0 0, L_0x1051c2830;  1 drivers
L_0xb394782e0 .functor BUFT 1, C4<00000>, C4<0>, C4<0>, C4<0>;
v0xb390b30c0_0 .net/2u *"_ivl_36", 4 0, L_0xb394782e0;  1 drivers
v0xb390b3160_0 .net *"_ivl_38", 0 0, L_0xb39091900;  1 drivers
L_0xb39478178 .functor BUFT 1, C4<00000000000000000000000000000000>, C4<0>, C4<0>, C4<0>;
v0xb390b3200_0 .net/2u *"_ivl_4", 31 0, L_0xb39478178;  1 drivers
v0xb390b32a0_0 .net *"_ivl_41", 0 0, L_0x1051c28a0;  1 drivers
v0xb390b3340_0 .net *"_ivl_42", 31 0, L_0xb38c70f00;  1 drivers
v0xb390b33e0_0 .net *"_ivl_44", 6 0, L_0xb38c70fa0;  1 drivers
L_0xb39478328 .functor BUFT 1, C4<00>, C4<0>, C4<0>, C4<0>;
v0xb390b3480_0 .net *"_ivl_47", 1 0, L_0xb39478328;  1 drivers
v0xb390b3520_0 .net *"_ivl_48", 31 0, L_0xb38c71040;  1 drivers
v0xb390b35c0_0 .net *"_ivl_6", 0 0, L_0xb39091680;  1 drivers
v0xb390b3660_0 .net *"_ivl_9", 0 0, L_0x1051c0e90;  1 drivers
v0xb390b3700_0 .net "clk", 0 0, v0xb390bdc20_0;  alias, 1 drivers
v0xb390b37a0_0 .net "rd", 4 0, v0xb390bb520_0;  alias, 1 drivers
v0xb390b3840_0 .net "regwrite", 0 0, v0xb390bb7a0_0;  alias, 1 drivers
v0xb390b38e0_0 .net "rs", 4 0, L_0xb38c3a260;  1 drivers
v0xb390b3980_0 .net "rst", 0 0, L_0xb39478010;  alias, 1 drivers
v0xb390b3a20_0 .net "rt", 4 0, L_0xb38c3a300;  1 drivers
v0xb390b3ac0_0 .net "writedata", 31 0, L_0xb38c717c0;  alias, 1 drivers
L_0xb390915e0 .cmp/eq 5, L_0xb38c3a260, L_0xb39478130;
L_0xb39091680 .cmp/eq 5, L_0xb38c3a260, v0xb390bb520_0;
L_0xb39091720 .cmp/ne 5, v0xb390bb520_0, L_0xb394781c0;
L_0xb38c70c80 .array/port v0xb390b2760, L_0xb38c70d20;
L_0xb38c70d20 .concat [ 5 2 0 0], L_0xb38c3a260, L_0xb39478208;
L_0xb38c70dc0 .functor MUXZ 32, L_0xb38c70c80, L_0xb38c717c0, L_0x1051c0f00, C4<>;
L_0xb38c70e60 .functor MUXZ 32, L_0xb38c70dc0, L_0xb39478178, L_0xb390915e0, C4<>;
L_0xb390917c0 .cmp/eq 5, L_0xb38c3a300, L_0xb39478250;
L_0xb39091860 .cmp/eq 5, L_0xb38c3a300, v0xb390bb520_0;
L_0xb39091900 .cmp/ne 5, v0xb390bb520_0, L_0xb394782e0;
L_0xb38c70f00 .array/port v0xb390b2760, L_0xb38c70fa0;
L_0xb38c70fa0 .concat [ 5 2 0 0], L_0xb38c3a300, L_0xb39478328;
L_0xb38c71040 .functor MUXZ 32, L_0xb38c70f00, L_0xb38c717c0, L_0x1051c28a0, C4<>;
L_0xb38c710e0 .functor MUXZ 32, L_0xb38c71040, L_0xb39478298, L_0xb390917c0, C4<>;
S_0xb390b4600 .scope module, "sE0" "signExt" 12 44, 17 1 0, S_0x1051b4160;
 .timescale -9 -12;
    .port_info 0 /INPUT 16 "immediate";
    .port_info 1 /OUTPUT 32 "extended";
v0xb390b3b60_0 .net *"_ivl_1", 0 0, L_0xb38c3a120;  1 drivers
v0xb390b3c00_0 .net *"_ivl_2", 15 0, L_0xb38c70b40;  1 drivers
v0xb390b3ca0_0 .net "extended", 31 0, L_0xb38c70be0;  alias, 1 drivers
v0xb390b3d40_0 .net "immediate", 15 0, L_0xb38c3a1c0;  1 drivers
L_0xb38c3a120 .part L_0xb38c3a1c0, 15, 1;
LS_0xb38c70b40_0_0 .concat [ 1 1 1 1], L_0xb38c3a120, L_0xb38c3a120, L_0xb38c3a120, L_0xb38c3a120;
LS_0xb38c70b40_0_4 .concat [ 1 1 1 1], L_0xb38c3a120, L_0xb38c3a120, L_0xb38c3a120, L_0xb38c3a120;
LS_0xb38c70b40_0_8 .concat [ 1 1 1 1], L_0xb38c3a120, L_0xb38c3a120, L_0xb38c3a120, L_0xb38c3a120;
LS_0xb38c70b40_0_12 .concat [ 1 1 1 1], L_0xb38c3a120, L_0xb38c3a120, L_0xb38c3a120, L_0xb38c3a120;
L_0xb38c70b40 .concat [ 4 4 4 4], LS_0xb38c70b40_0_0, LS_0xb38c70b40_0_4, LS_0xb38c70b40_0_8, LS_0xb38c70b40_0_12;
L_0xb38c70be0 .concat [ 16 16 0 0], L_0xb38c3a1c0, L_0xb38c70b40;
S_0xb390b4780 .scope module, "IF_stage" "fetch" 3 47, 18 1 0, S_0x1051c1890;
 .timescale -9 -12;
    .port_info 0 /INPUT 1 "clk";
    .port_info 1 /INPUT 1 "rst";
    .port_info 2 /INPUT 1 "ex_mem_pc_src";
    .port_info 3 /INPUT 32 "ex_mem_npc";
    .port_info 4 /INPUT 1 "pc_write_en";
    .port_info 5 /INPUT 1 "ifid_write_en";
    .port_info 6 /OUTPUT 32 "if_id_instr";
    .port_info 7 /OUTPUT 32 "if_id_npc";
v0xb390ba440_0 .net "clk", 0 0, v0xb390bdc20_0;  alias, 1 drivers
v0xb390ba4e0_0 .net "ex_mem_npc", 31 0, v0xb39089b80_0;  alias, 1 drivers
v0xb390ba580_0 .net "ex_mem_pc_src", 0 0, L_0x1051c3410;  alias, 1 drivers
v0xb390ba620_0 .net "if_id_instr", 31 0, v0xb390b94a0_0;  alias, 1 drivers
v0xb390ba6c0_0 .net "if_id_npc", 31 0, v0xb390b95e0_0;  alias, 1 drivers
v0xb390ba760_0 .net "ifid_write_en", 0 0, L_0x1051c2580;  alias, 1 drivers
v0xb390ba800_0 .net "instr_data", 31 0, L_0xb38c49b20;  1 drivers
v0xb390ba8a0_0 .net "next_pc", 31 0, L_0xb390912c0;  1 drivers
v0xb390ba940_0 .net "pc_mux", 31 0, L_0xb38c70a00;  1 drivers
v0xb390ba9e0_0 .net "pc_out", 31 0, v0xb390ba260_0;  1 drivers
v0xb390baa80_0 .net "pc_write_en", 0 0, L_0x1051c2510;  alias, 1 drivers
v0xb390bab20_0 .net "rst", 0 0, L_0xb39478010;  alias, 1 drivers
S_0xb390b4900 .scope module, "ifIdLatch0" "ifIdLatch" 18 43, 19 1 0, S_0xb390b4780;
 .timescale -9 -12;
    .port_info 0 /INPUT 1 "clk";
    .port_info 1 /INPUT 1 "rst";
    .port_info 2 /INPUT 1 "write_en";
    .port_info 3 /INPUT 32 "instr_in";
    .port_info 4 /INPUT 32 "npc_in";
    .port_info 5 /OUTPUT 32 "instr_out";
    .port_info 6 /OUTPUT 32 "npc_out";
v0xb390b9360_0 .net "clk", 0 0, v0xb390bdc20_0;  alias, 1 drivers
v0xb390b9400_0 .net "instr_in", 31 0, L_0xb38c49b20;  alias, 1 drivers
v0xb390b94a0_0 .var "instr_out", 31 0;
v0xb390b9540_0 .net "npc_in", 31 0, L_0xb390912c0;  alias, 1 drivers
v0xb390b95e0_0 .var "npc_out", 31 0;
v0xb390b9680_0 .net "rst", 0 0, L_0xb39478010;  alias, 1 drivers
v0xb390b9720_0 .net "write_en", 0 0, L_0x1051c2580;  alias, 1 drivers
S_0xb390b4a80 .scope module, "in0" "incrementer" 18 32, 20 1 0, S_0xb390b4780;
 .timescale -9 -12;
    .port_info 0 /INPUT 32 "pc_in";
    .port_info 1 /OUTPUT 32 "pc_out";
L_0xb394780a0 .functor BUFT 1, C4<00000000000000000000000000000100>, C4<0>, C4<0>, C4<0>;
v0xb390b97c0_0 .net/2u *"_ivl_0", 31 0, L_0xb394780a0;  1 drivers
v0xb390b9860_0 .net "pc_in", 31 0, v0xb390ba260_0;  alias, 1 drivers
v0xb390b9900_0 .net "pc_out", 31 0, L_0xb390912c0;  alias, 1 drivers
L_0xb390912c0 .arith/sum 32, v0xb390ba260_0, L_0xb394780a0;
S_0xb390b4c00 .scope module, "inMem0" "instrMem" 18 38, 21 1 0, S_0xb390b4780;
 .timescale -9 -12;
    .port_info 0 /INPUT 32 "addr";
    .port_info 1 /OUTPUT 32 "data";
L_0xb38c49b20 .functor BUFZ 32, L_0xb38c70aa0, C4<00000000000000000000000000000000>, C4<00000000000000000000000000000000>, C4<00000000000000000000000000000000>;
v0xb390b99a0_0 .net *"_ivl_0", 31 0, L_0xb38c70aa0;  1 drivers
v0xb390b9a40_0 .net *"_ivl_3", 29 0, L_0xb38c39f40;  1 drivers
v0xb390b9ae0_0 .net "addr", 31 0, v0xb390ba260_0;  alias, 1 drivers
v0xb390b9b80_0 .net "data", 31 0, L_0xb38c49b20;  alias, 1 drivers
v0xb390b9c20_0 .var/i "i", 31 0;
v0xb390b9cc0 .array "mem", 255 0, 31 0;
L_0xb38c70aa0 .array/port v0xb390b9cc0, L_0xb38c39f40;
L_0xb38c39f40 .part v0xb390ba260_0, 2, 30;
S_0xb390b4d80 .scope module, "m0" "mux" 18 17, 22 1 0, S_0xb390b4780;
 .timescale -9 -12;
    .port_info 0 /INPUT 32 "a_true";
    .port_info 1 /INPUT 32 "b_false";
    .port_info 2 /INPUT 1 "sel";
    .port_info 3 /OUTPUT 32 "y";
L_0xb39478058 .functor BUFT 1, C4<1>, C4<0>, C4<0>, C4<0>;
v0xb390b9d60_0 .net/2u *"_ivl_0", 0 0, L_0xb39478058;  1 drivers
v0xb390b9e00_0 .net *"_ivl_2", 0 0, L_0xb390bdd60;  1 drivers
v0xb390b9ea0_0 .net "a_true", 31 0, v0xb39089b80_0;  alias, 1 drivers
v0xb390b9f40_0 .net "b_false", 31 0, L_0xb390912c0;  alias, 1 drivers
v0xb390b9fe0_0 .net "sel", 0 0, L_0x1051c3410;  alias, 1 drivers
v0xb390ba080_0 .net "y", 31 0, L_0xb38c70a00;  alias, 1 drivers
L_0xb390bdd60 .cmp/eeq 1, L_0x1051c3410, L_0xb39478058;
L_0xb38c70a00 .functor MUXZ 32, L_0xb390912c0, v0xb39089b80_0, L_0xb390bdd60, C4<>;
S_0xb390b4f00 .scope module, "pc0" "pc" 18 24, 23 1 0, S_0xb390b4780;
 .timescale -9 -12;
    .port_info 0 /INPUT 1 "clk";
    .port_info 1 /INPUT 1 "rst";
    .port_info 2 /INPUT 32 "pc_in";
    .port_info 3 /INPUT 1 "write_en";
    .port_info 4 /OUTPUT 32 "pc_out";
v0xb390ba120_0 .net "clk", 0 0, v0xb390bdc20_0;  alias, 1 drivers
v0xb390ba1c0_0 .net "pc_in", 31 0, L_0xb38c70a00;  alias, 1 drivers
v0xb390ba260_0 .var "pc_out", 31 0;
v0xb390ba300_0 .net "rst", 0 0, L_0xb39478010;  alias, 1 drivers
v0xb390ba3a0_0 .net "write_en", 0 0, L_0x1051c2510;  alias, 1 drivers
S_0xb390b5080 .scope module, "MEM_WB_stage" "mem_stage" 3 127, 24 1 0, S_0x1051c1890;
 .timescale -9 -12;
    .port_info 0 /INPUT 1 "clk";
    .port_info 1 /INPUT 2 "wb_ctlout";
    .port_info 2 /INPUT 1 "branch";
    .port_info 3 /INPUT 1 "memread";
    .port_info 4 /INPUT 1 "memwrite";
    .port_info 5 /INPUT 1 "zero";
    .port_info 6 /INPUT 32 "alu_result";
    .port_info 7 /INPUT 32 "rdata2out";
    .port_info 8 /INPUT 5 "five_bit_muxout";
    .port_info 9 /OUTPUT 1 "MEM_PCSrc";
    .port_info 10 /OUTPUT 1 "MEM_WB_regwrite";
    .port_info 11 /OUTPUT 32 "write_data_out";
    .port_info 12 /OUTPUT 5 "mem_write_reg";
v0xb390bbb60_0 .net "MEM_PCSrc", 0 0, L_0x1051c3410;  alias, 1 drivers
v0xb390bbc00_0 .net "MEM_WB_regwrite", 0 0, v0xb390bb7a0_0;  alias, 1 drivers
v0xb390bbca0_0 .net "alu_result", 31 0, v0xb39089cc0_0;  alias, 1 drivers
v0xb390bbd40_0 .net "branch", 0 0, v0xb39089ea0_0;  alias, 1 drivers
v0xb390bbde0_0 .net "clk", 0 0, v0xb390bdc20_0;  alias, 1 drivers
v0xb390bbe80_0 .net "five_bit_muxout", 4 0, v0xb3908a120_0;  alias, 1 drivers
v0xb390bbf20_0 .net "latched_alu", 31 0, v0xb390bb480_0;  1 drivers
v0xb390bc000_0 .net "latched_memtoreg", 0 0, v0xb390bb5c0_0;  1 drivers
v0xb390bc0a0_0 .net "latched_read_data", 31 0, v0xb390bb660_0;  1 drivers
v0xb390bc140_0 .net "mem_write_reg", 4 0, v0xb390bb520_0;  alias, 1 drivers
v0xb390bc1e0_0 .net "memread", 0 0, v0xb3908a1c0_0;  alias, 1 drivers
v0xb390bc280_0 .net "memwrite", 0 0, v0xb3908a260_0;  alias, 1 drivers
v0xb390bc320_0 .net "rdata2out", 31 0, v0xb3908a3a0_0;  alias, 1 drivers
v0xb390bc3c0_0 .net "read_data_in", 31 0, v0xb390bb160_0;  1 drivers
v0xb390bc460_0 .net "wb_ctlout", 1 0, v0xb3908a4e0_0;  alias, 1 drivers
v0xb390bc500_0 .net "write_data_out", 31 0, L_0xb38c717c0;  alias, 1 drivers
v0xb390bc5a0_0 .net "zero", 0 0, v0xb3908a580_0;  alias, 1 drivers
S_0xb390b5200 .scope module, "AND_4" "AND" 24 20, 25 5 0, S_0xb390b5080;
 .timescale -9 -12;
    .port_info 0 /INPUT 1 "membranch";
    .port_info 1 /INPUT 1 "zero";
    .port_info 2 /OUTPUT 1 "PCSrc";
L_0x1051c3410 .functor AND 1, v0xb39089ea0_0, v0xb3908a580_0, C4<1>, C4<1>;
v0xb390babc0_0 .net "PCSrc", 0 0, L_0x1051c3410;  alias, 1 drivers
v0xb390bac60_0 .net "membranch", 0 0, v0xb39089ea0_0;  alias, 1 drivers
v0xb390bad00_0 .net "zero", 0 0, v0xb3908a580_0;  alias, 1 drivers
S_0xb390b5380 .scope module, "data_memory4" "data_memory" 24 27, 26 1 0, S_0xb390b5080;
 .timescale -9 -12;
    .port_info 0 /INPUT 1 "clk";
    .port_info 1 /INPUT 32 "addr";
    .port_info 2 /INPUT 32 "write_data";
    .port_info 3 /INPUT 1 "memread";
    .port_info 4 /INPUT 1 "memwrite";
    .port_info 5 /OUTPUT 32 "read_data";
v0xb390bada0 .array "DMEM", 255 0, 31 0;
v0xb390bae40_0 .net "addr", 31 0, v0xb39089cc0_0;  alias, 1 drivers
v0xb390baee0_0 .net "clk", 0 0, v0xb390bdc20_0;  alias, 1 drivers
v0xb390baf80_0 .var/i "i", 31 0;
v0xb390bb020_0 .net "memread", 0 0, v0xb3908a1c0_0;  alias, 1 drivers
v0xb390bb0c0_0 .net "memwrite", 0 0, v0xb3908a260_0;  alias, 1 drivers
v0xb390bb160_0 .var "read_data", 31 0;
v0xb390bb200_0 .net "write_data", 31 0, v0xb3908a3a0_0;  alias, 1 drivers
v0xb390bada0_0 .array/port v0xb390bada0, 0;
v0xb390bada0_1 .array/port v0xb390bada0, 1;
E_0xb3907d700/0 .event anyedge, v0xb3908a1c0_0, v0xb39089cc0_0, v0xb390bada0_0, v0xb390bada0_1;
v0xb390bada0_2 .array/port v0xb390bada0, 2;
v0xb390bada0_3 .array/port v0xb390bada0, 3;
v0xb390bada0_4 .array/port v0xb390bada0, 4;
v0xb390bada0_5 .array/port v0xb390bada0, 5;
E_0xb3907d700/1 .event anyedge, v0xb390bada0_2, v0xb390bada0_3, v0xb390bada0_4, v0xb390bada0_5;
v0xb390bada0_6 .array/port v0xb390bada0, 6;
v0xb390bada0_7 .array/port v0xb390bada0, 7;
v0xb390bada0_8 .array/port v0xb390bada0, 8;
v0xb390bada0_9 .array/port v0xb390bada0, 9;
E_0xb3907d700/2 .event anyedge, v0xb390bada0_6, v0xb390bada0_7, v0xb390bada0_8, v0xb390bada0_9;
v0xb390bada0_10 .array/port v0xb390bada0, 10;
v0xb390bada0_11 .array/port v0xb390bada0, 11;
v0xb390bada0_12 .array/port v0xb390bada0, 12;
v0xb390bada0_13 .array/port v0xb390bada0, 13;
E_0xb3907d700/3 .event anyedge, v0xb390bada0_10, v0xb390bada0_11, v0xb390bada0_12, v0xb390bada0_13;
v0xb390bada0_14 .array/port v0xb390bada0, 14;
v0xb390bada0_15 .array/port v0xb390bada0, 15;
v0xb390bada0_16 .array/port v0xb390bada0, 16;
v0xb390bada0_17 .array/port v0xb390bada0, 17;
E_0xb3907d700/4 .event anyedge, v0xb390bada0_14, v0xb390bada0_15, v0xb390bada0_16, v0xb390bada0_17;
v0xb390bada0_18 .array/port v0xb390bada0, 18;
v0xb390bada0_19 .array/port v0xb390bada0, 19;
v0xb390bada0_20 .array/port v0xb390bada0, 20;
v0xb390bada0_21 .array/port v0xb390bada0, 21;
E_0xb3907d700/5 .event anyedge, v0xb390bada0_18, v0xb390bada0_19, v0xb390bada0_20, v0xb390bada0_21;
v0xb390bada0_22 .array/port v0xb390bada0, 22;
v0xb390bada0_23 .array/port v0xb390bada0, 23;
v0xb390bada0_24 .array/port v0xb390bada0, 24;
v0xb390bada0_25 .array/port v0xb390bada0, 25;
E_0xb3907d700/6 .event anyedge, v0xb390bada0_22, v0xb390bada0_23, v0xb390bada0_24, v0xb390bada0_25;
v0xb390bada0_26 .array/port v0xb390bada0, 26;
v0xb390bada0_27 .array/port v0xb390bada0, 27;
v0xb390bada0_28 .array/port v0xb390bada0, 28;
v0xb390bada0_29 .array/port v0xb390bada0, 29;
E_0xb3907d700/7 .event anyedge, v0xb390bada0_26, v0xb390bada0_27, v0xb390bada0_28, v0xb390bada0_29;
v0xb390bada0_30 .array/port v0xb390bada0, 30;
v0xb390bada0_31 .array/port v0xb390bada0, 31;
v0xb390bada0_32 .array/port v0xb390bada0, 32;
v0xb390bada0_33 .array/port v0xb390bada0, 33;
E_0xb3907d700/8 .event anyedge, v0xb390bada0_30, v0xb390bada0_31, v0xb390bada0_32, v0xb390bada0_33;
v0xb390bada0_34 .array/port v0xb390bada0, 34;
v0xb390bada0_35 .array/port v0xb390bada0, 35;
v0xb390bada0_36 .array/port v0xb390bada0, 36;
v0xb390bada0_37 .array/port v0xb390bada0, 37;
E_0xb3907d700/9 .event anyedge, v0xb390bada0_34, v0xb390bada0_35, v0xb390bada0_36, v0xb390bada0_37;
v0xb390bada0_38 .array/port v0xb390bada0, 38;
v0xb390bada0_39 .array/port v0xb390bada0, 39;
v0xb390bada0_40 .array/port v0xb390bada0, 40;
v0xb390bada0_41 .array/port v0xb390bada0, 41;
E_0xb3907d700/10 .event anyedge, v0xb390bada0_38, v0xb390bada0_39, v0xb390bada0_40, v0xb390bada0_41;
v0xb390bada0_42 .array/port v0xb390bada0, 42;
v0xb390bada0_43 .array/port v0xb390bada0, 43;
v0xb390bada0_44 .array/port v0xb390bada0, 44;
v0xb390bada0_45 .array/port v0xb390bada0, 45;
E_0xb3907d700/11 .event anyedge, v0xb390bada0_42, v0xb390bada0_43, v0xb390bada0_44, v0xb390bada0_45;
v0xb390bada0_46 .array/port v0xb390bada0, 46;
v0xb390bada0_47 .array/port v0xb390bada0, 47;
v0xb390bada0_48 .array/port v0xb390bada0, 48;
v0xb390bada0_49 .array/port v0xb390bada0, 49;
E_0xb3907d700/12 .event anyedge, v0xb390bada0_46, v0xb390bada0_47, v0xb390bada0_48, v0xb390bada0_49;
v0xb390bada0_50 .array/port v0xb390bada0, 50;
v0xb390bada0_51 .array/port v0xb390bada0, 51;
v0xb390bada0_52 .array/port v0xb390bada0, 52;
v0xb390bada0_53 .array/port v0xb390bada0, 53;
E_0xb3907d700/13 .event anyedge, v0xb390bada0_50, v0xb390bada0_51, v0xb390bada0_52, v0xb390bada0_53;
v0xb390bada0_54 .array/port v0xb390bada0, 54;
v0xb390bada0_55 .array/port v0xb390bada0, 55;
v0xb390bada0_56 .array/port v0xb390bada0, 56;
v0xb390bada0_57 .array/port v0xb390bada0, 57;
E_0xb3907d700/14 .event anyedge, v0xb390bada0_54, v0xb390bada0_55, v0xb390bada0_56, v0xb390bada0_57;
v0xb390bada0_58 .array/port v0xb390bada0, 58;
v0xb390bada0_59 .array/port v0xb390bada0, 59;
v0xb390bada0_60 .array/port v0xb390bada0, 60;
v0xb390bada0_61 .array/port v0xb390bada0, 61;
E_0xb3907d700/15 .event anyedge, v0xb390bada0_58, v0xb390bada0_59, v0xb390bada0_60, v0xb390bada0_61;
v0xb390bada0_62 .array/port v0xb390bada0, 62;
v0xb390bada0_63 .array/port v0xb390bada0, 63;
v0xb390bada0_64 .array/port v0xb390bada0, 64;
v0xb390bada0_65 .array/port v0xb390bada0, 65;
E_0xb3907d700/16 .event anyedge, v0xb390bada0_62, v0xb390bada0_63, v0xb390bada0_64, v0xb390bada0_65;
v0xb390bada0_66 .array/port v0xb390bada0, 66;
v0xb390bada0_67 .array/port v0xb390bada0, 67;
v0xb390bada0_68 .array/port v0xb390bada0, 68;
v0xb390bada0_69 .array/port v0xb390bada0, 69;
E_0xb3907d700/17 .event anyedge, v0xb390bada0_66, v0xb390bada0_67, v0xb390bada0_68, v0xb390bada0_69;
v0xb390bada0_70 .array/port v0xb390bada0, 70;
v0xb390bada0_71 .array/port v0xb390bada0, 71;
v0xb390bada0_72 .array/port v0xb390bada0, 72;
v0xb390bada0_73 .array/port v0xb390bada0, 73;
E_0xb3907d700/18 .event anyedge, v0xb390bada0_70, v0xb390bada0_71, v0xb390bada0_72, v0xb390bada0_73;
v0xb390bada0_74 .array/port v0xb390bada0, 74;
v0xb390bada0_75 .array/port v0xb390bada0, 75;
v0xb390bada0_76 .array/port v0xb390bada0, 76;
v0xb390bada0_77 .array/port v0xb390bada0, 77;
E_0xb3907d700/19 .event anyedge, v0xb390bada0_74, v0xb390bada0_75, v0xb390bada0_76, v0xb390bada0_77;
v0xb390bada0_78 .array/port v0xb390bada0, 78;
v0xb390bada0_79 .array/port v0xb390bada0, 79;
v0xb390bada0_80 .array/port v0xb390bada0, 80;
v0xb390bada0_81 .array/port v0xb390bada0, 81;
E_0xb3907d700/20 .event anyedge, v0xb390bada0_78, v0xb390bada0_79, v0xb390bada0_80, v0xb390bada0_81;
v0xb390bada0_82 .array/port v0xb390bada0, 82;
v0xb390bada0_83 .array/port v0xb390bada0, 83;
v0xb390bada0_84 .array/port v0xb390bada0, 84;
v0xb390bada0_85 .array/port v0xb390bada0, 85;
E_0xb3907d700/21 .event anyedge, v0xb390bada0_82, v0xb390bada0_83, v0xb390bada0_84, v0xb390bada0_85;
v0xb390bada0_86 .array/port v0xb390bada0, 86;
v0xb390bada0_87 .array/port v0xb390bada0, 87;
v0xb390bada0_88 .array/port v0xb390bada0, 88;
v0xb390bada0_89 .array/port v0xb390bada0, 89;
E_0xb3907d700/22 .event anyedge, v0xb390bada0_86, v0xb390bada0_87, v0xb390bada0_88, v0xb390bada0_89;
v0xb390bada0_90 .array/port v0xb390bada0, 90;
v0xb390bada0_91 .array/port v0xb390bada0, 91;
v0xb390bada0_92 .array/port v0xb390bada0, 92;
v0xb390bada0_93 .array/port v0xb390bada0, 93;
E_0xb3907d700/23 .event anyedge, v0xb390bada0_90, v0xb390bada0_91, v0xb390bada0_92, v0xb390bada0_93;
v0xb390bada0_94 .array/port v0xb390bada0, 94;
v0xb390bada0_95 .array/port v0xb390bada0, 95;
v0xb390bada0_96 .array/port v0xb390bada0, 96;
v0xb390bada0_97 .array/port v0xb390bada0, 97;
E_0xb3907d700/24 .event anyedge, v0xb390bada0_94, v0xb390bada0_95, v0xb390bada0_96, v0xb390bada0_97;
v0xb390bada0_98 .array/port v0xb390bada0, 98;
v0xb390bada0_99 .array/port v0xb390bada0, 99;
v0xb390bada0_100 .array/port v0xb390bada0, 100;
v0xb390bada0_101 .array/port v0xb390bada0, 101;
E_0xb3907d700/25 .event anyedge, v0xb390bada0_98, v0xb390bada0_99, v0xb390bada0_100, v0xb390bada0_101;
v0xb390bada0_102 .array/port v0xb390bada0, 102;
v0xb390bada0_103 .array/port v0xb390bada0, 103;
v0xb390bada0_104 .array/port v0xb390bada0, 104;
v0xb390bada0_105 .array/port v0xb390bada0, 105;
E_0xb3907d700/26 .event anyedge, v0xb390bada0_102, v0xb390bada0_103, v0xb390bada0_104, v0xb390bada0_105;
v0xb390bada0_106 .array/port v0xb390bada0, 106;
v0xb390bada0_107 .array/port v0xb390bada0, 107;
v0xb390bada0_108 .array/port v0xb390bada0, 108;
v0xb390bada0_109 .array/port v0xb390bada0, 109;
E_0xb3907d700/27 .event anyedge, v0xb390bada0_106, v0xb390bada0_107, v0xb390bada0_108, v0xb390bada0_109;
v0xb390bada0_110 .array/port v0xb390bada0, 110;
v0xb390bada0_111 .array/port v0xb390bada0, 111;
v0xb390bada0_112 .array/port v0xb390bada0, 112;
v0xb390bada0_113 .array/port v0xb390bada0, 113;
E_0xb3907d700/28 .event anyedge, v0xb390bada0_110, v0xb390bada0_111, v0xb390bada0_112, v0xb390bada0_113;
v0xb390bada0_114 .array/port v0xb390bada0, 114;
v0xb390bada0_115 .array/port v0xb390bada0, 115;
v0xb390bada0_116 .array/port v0xb390bada0, 116;
v0xb390bada0_117 .array/port v0xb390bada0, 117;
E_0xb3907d700/29 .event anyedge, v0xb390bada0_114, v0xb390bada0_115, v0xb390bada0_116, v0xb390bada0_117;
v0xb390bada0_118 .array/port v0xb390bada0, 118;
v0xb390bada0_119 .array/port v0xb390bada0, 119;
v0xb390bada0_120 .array/port v0xb390bada0, 120;
v0xb390bada0_121 .array/port v0xb390bada0, 121;
E_0xb3907d700/30 .event anyedge, v0xb390bada0_118, v0xb390bada0_119, v0xb390bada0_120, v0xb390bada0_121;
v0xb390bada0_122 .array/port v0xb390bada0, 122;
v0xb390bada0_123 .array/port v0xb390bada0, 123;
v0xb390bada0_124 .array/port v0xb390bada0, 124;
v0xb390bada0_125 .array/port v0xb390bada0, 125;
E_0xb3907d700/31 .event anyedge, v0xb390bada0_122, v0xb390bada0_123, v0xb390bada0_124, v0xb390bada0_125;
v0xb390bada0_126 .array/port v0xb390bada0, 126;
v0xb390bada0_127 .array/port v0xb390bada0, 127;
v0xb390bada0_128 .array/port v0xb390bada0, 128;
v0xb390bada0_129 .array/port v0xb390bada0, 129;
E_0xb3907d700/32 .event anyedge, v0xb390bada0_126, v0xb390bada0_127, v0xb390bada0_128, v0xb390bada0_129;
v0xb390bada0_130 .array/port v0xb390bada0, 130;
v0xb390bada0_131 .array/port v0xb390bada0, 131;
v0xb390bada0_132 .array/port v0xb390bada0, 132;
v0xb390bada0_133 .array/port v0xb390bada0, 133;
E_0xb3907d700/33 .event anyedge, v0xb390bada0_130, v0xb390bada0_131, v0xb390bada0_132, v0xb390bada0_133;
v0xb390bada0_134 .array/port v0xb390bada0, 134;
v0xb390bada0_135 .array/port v0xb390bada0, 135;
v0xb390bada0_136 .array/port v0xb390bada0, 136;
v0xb390bada0_137 .array/port v0xb390bada0, 137;
E_0xb3907d700/34 .event anyedge, v0xb390bada0_134, v0xb390bada0_135, v0xb390bada0_136, v0xb390bada0_137;
v0xb390bada0_138 .array/port v0xb390bada0, 138;
v0xb390bada0_139 .array/port v0xb390bada0, 139;
v0xb390bada0_140 .array/port v0xb390bada0, 140;
v0xb390bada0_141 .array/port v0xb390bada0, 141;
E_0xb3907d700/35 .event anyedge, v0xb390bada0_138, v0xb390bada0_139, v0xb390bada0_140, v0xb390bada0_141;
v0xb390bada0_142 .array/port v0xb390bada0, 142;
v0xb390bada0_143 .array/port v0xb390bada0, 143;
v0xb390bada0_144 .array/port v0xb390bada0, 144;
v0xb390bada0_145 .array/port v0xb390bada0, 145;
E_0xb3907d700/36 .event anyedge, v0xb390bada0_142, v0xb390bada0_143, v0xb390bada0_144, v0xb390bada0_145;
v0xb390bada0_146 .array/port v0xb390bada0, 146;
v0xb390bada0_147 .array/port v0xb390bada0, 147;
v0xb390bada0_148 .array/port v0xb390bada0, 148;
v0xb390bada0_149 .array/port v0xb390bada0, 149;
E_0xb3907d700/37 .event anyedge, v0xb390bada0_146, v0xb390bada0_147, v0xb390bada0_148, v0xb390bada0_149;
v0xb390bada0_150 .array/port v0xb390bada0, 150;
v0xb390bada0_151 .array/port v0xb390bada0, 151;
v0xb390bada0_152 .array/port v0xb390bada0, 152;
v0xb390bada0_153 .array/port v0xb390bada0, 153;
E_0xb3907d700/38 .event anyedge, v0xb390bada0_150, v0xb390bada0_151, v0xb390bada0_152, v0xb390bada0_153;
v0xb390bada0_154 .array/port v0xb390bada0, 154;
v0xb390bada0_155 .array/port v0xb390bada0, 155;
v0xb390bada0_156 .array/port v0xb390bada0, 156;
v0xb390bada0_157 .array/port v0xb390bada0, 157;
E_0xb3907d700/39 .event anyedge, v0xb390bada0_154, v0xb390bada0_155, v0xb390bada0_156, v0xb390bada0_157;
v0xb390bada0_158 .array/port v0xb390bada0, 158;
v0xb390bada0_159 .array/port v0xb390bada0, 159;
v0xb390bada0_160 .array/port v0xb390bada0, 160;
v0xb390bada0_161 .array/port v0xb390bada0, 161;
E_0xb3907d700/40 .event anyedge, v0xb390bada0_158, v0xb390bada0_159, v0xb390bada0_160, v0xb390bada0_161;
v0xb390bada0_162 .array/port v0xb390bada0, 162;
v0xb390bada0_163 .array/port v0xb390bada0, 163;
v0xb390bada0_164 .array/port v0xb390bada0, 164;
v0xb390bada0_165 .array/port v0xb390bada0, 165;
E_0xb3907d700/41 .event anyedge, v0xb390bada0_162, v0xb390bada0_163, v0xb390bada0_164, v0xb390bada0_165;
v0xb390bada0_166 .array/port v0xb390bada0, 166;
v0xb390bada0_167 .array/port v0xb390bada0, 167;
v0xb390bada0_168 .array/port v0xb390bada0, 168;
v0xb390bada0_169 .array/port v0xb390bada0, 169;
E_0xb3907d700/42 .event anyedge, v0xb390bada0_166, v0xb390bada0_167, v0xb390bada0_168, v0xb390bada0_169;
v0xb390bada0_170 .array/port v0xb390bada0, 170;
v0xb390bada0_171 .array/port v0xb390bada0, 171;
v0xb390bada0_172 .array/port v0xb390bada0, 172;
v0xb390bada0_173 .array/port v0xb390bada0, 173;
E_0xb3907d700/43 .event anyedge, v0xb390bada0_170, v0xb390bada0_171, v0xb390bada0_172, v0xb390bada0_173;
v0xb390bada0_174 .array/port v0xb390bada0, 174;
v0xb390bada0_175 .array/port v0xb390bada0, 175;
v0xb390bada0_176 .array/port v0xb390bada0, 176;
v0xb390bada0_177 .array/port v0xb390bada0, 177;
E_0xb3907d700/44 .event anyedge, v0xb390bada0_174, v0xb390bada0_175, v0xb390bada0_176, v0xb390bada0_177;
v0xb390bada0_178 .array/port v0xb390bada0, 178;
v0xb390bada0_179 .array/port v0xb390bada0, 179;
v0xb390bada0_180 .array/port v0xb390bada0, 180;
v0xb390bada0_181 .array/port v0xb390bada0, 181;
E_0xb3907d700/45 .event anyedge, v0xb390bada0_178, v0xb390bada0_179, v0xb390bada0_180, v0xb390bada0_181;
v0xb390bada0_182 .array/port v0xb390bada0, 182;
v0xb390bada0_183 .array/port v0xb390bada0, 183;
v0xb390bada0_184 .array/port v0xb390bada0, 184;
v0xb390bada0_185 .array/port v0xb390bada0, 185;
E_0xb3907d700/46 .event anyedge, v0xb390bada0_182, v0xb390bada0_183, v0xb390bada0_184, v0xb390bada0_185;
v0xb390bada0_186 .array/port v0xb390bada0, 186;
v0xb390bada0_187 .array/port v0xb390bada0, 187;
v0xb390bada0_188 .array/port v0xb390bada0, 188;
v0xb390bada0_189 .array/port v0xb390bada0, 189;
E_0xb3907d700/47 .event anyedge, v0xb390bada0_186, v0xb390bada0_187, v0xb390bada0_188, v0xb390bada0_189;
v0xb390bada0_190 .array/port v0xb390bada0, 190;
v0xb390bada0_191 .array/port v0xb390bada0, 191;
v0xb390bada0_192 .array/port v0xb390bada0, 192;
v0xb390bada0_193 .array/port v0xb390bada0, 193;
E_0xb3907d700/48 .event anyedge, v0xb390bada0_190, v0xb390bada0_191, v0xb390bada0_192, v0xb390bada0_193;
v0xb390bada0_194 .array/port v0xb390bada0, 194;
v0xb390bada0_195 .array/port v0xb390bada0, 195;
v0xb390bada0_196 .array/port v0xb390bada0, 196;
v0xb390bada0_197 .array/port v0xb390bada0, 197;
E_0xb3907d700/49 .event anyedge, v0xb390bada0_194, v0xb390bada0_195, v0xb390bada0_196, v0xb390bada0_197;
v0xb390bada0_198 .array/port v0xb390bada0, 198;
v0xb390bada0_199 .array/port v0xb390bada0, 199;
v0xb390bada0_200 .array/port v0xb390bada0, 200;
v0xb390bada0_201 .array/port v0xb390bada0, 201;
E_0xb3907d700/50 .event anyedge, v0xb390bada0_198, v0xb390bada0_199, v0xb390bada0_200, v0xb390bada0_201;
v0xb390bada0_202 .array/port v0xb390bada0, 202;
v0xb390bada0_203 .array/port v0xb390bada0, 203;
v0xb390bada0_204 .array/port v0xb390bada0, 204;
v0xb390bada0_205 .array/port v0xb390bada0, 205;
E_0xb3907d700/51 .event anyedge, v0xb390bada0_202, v0xb390bada0_203, v0xb390bada0_204, v0xb390bada0_205;
v0xb390bada0_206 .array/port v0xb390bada0, 206;
v0xb390bada0_207 .array/port v0xb390bada0, 207;
v0xb390bada0_208 .array/port v0xb390bada0, 208;
v0xb390bada0_209 .array/port v0xb390bada0, 209;
E_0xb3907d700/52 .event anyedge, v0xb390bada0_206, v0xb390bada0_207, v0xb390bada0_208, v0xb390bada0_209;
v0xb390bada0_210 .array/port v0xb390bada0, 210;
v0xb390bada0_211 .array/port v0xb390bada0, 211;
v0xb390bada0_212 .array/port v0xb390bada0, 212;
v0xb390bada0_213 .array/port v0xb390bada0, 213;
E_0xb3907d700/53 .event anyedge, v0xb390bada0_210, v0xb390bada0_211, v0xb390bada0_212, v0xb390bada0_213;
v0xb390bada0_214 .array/port v0xb390bada0, 214;
v0xb390bada0_215 .array/port v0xb390bada0, 215;
v0xb390bada0_216 .array/port v0xb390bada0, 216;
v0xb390bada0_217 .array/port v0xb390bada0, 217;
E_0xb3907d700/54 .event anyedge, v0xb390bada0_214, v0xb390bada0_215, v0xb390bada0_216, v0xb390bada0_217;
v0xb390bada0_218 .array/port v0xb390bada0, 218;
v0xb390bada0_219 .array/port v0xb390bada0, 219;
v0xb390bada0_220 .array/port v0xb390bada0, 220;
v0xb390bada0_221 .array/port v0xb390bada0, 221;
E_0xb3907d700/55 .event anyedge, v0xb390bada0_218, v0xb390bada0_219, v0xb390bada0_220, v0xb390bada0_221;
v0xb390bada0_222 .array/port v0xb390bada0, 222;
v0xb390bada0_223 .array/port v0xb390bada0, 223;
v0xb390bada0_224 .array/port v0xb390bada0, 224;
v0xb390bada0_225 .array/port v0xb390bada0, 225;
E_0xb3907d700/56 .event anyedge, v0xb390bada0_222, v0xb390bada0_223, v0xb390bada0_224, v0xb390bada0_225;
v0xb390bada0_226 .array/port v0xb390bada0, 226;
v0xb390bada0_227 .array/port v0xb390bada0, 227;
v0xb390bada0_228 .array/port v0xb390bada0, 228;
v0xb390bada0_229 .array/port v0xb390bada0, 229;
E_0xb3907d700/57 .event anyedge, v0xb390bada0_226, v0xb390bada0_227, v0xb390bada0_228, v0xb390bada0_229;
v0xb390bada0_230 .array/port v0xb390bada0, 230;
v0xb390bada0_231 .array/port v0xb390bada0, 231;
v0xb390bada0_232 .array/port v0xb390bada0, 232;
v0xb390bada0_233 .array/port v0xb390bada0, 233;
E_0xb3907d700/58 .event anyedge, v0xb390bada0_230, v0xb390bada0_231, v0xb390bada0_232, v0xb390bada0_233;
v0xb390bada0_234 .array/port v0xb390bada0, 234;
v0xb390bada0_235 .array/port v0xb390bada0, 235;
v0xb390bada0_236 .array/port v0xb390bada0, 236;
v0xb390bada0_237 .array/port v0xb390bada0, 237;
E_0xb3907d700/59 .event anyedge, v0xb390bada0_234, v0xb390bada0_235, v0xb390bada0_236, v0xb390bada0_237;
v0xb390bada0_238 .array/port v0xb390bada0, 238;
v0xb390bada0_239 .array/port v0xb390bada0, 239;
v0xb390bada0_240 .array/port v0xb390bada0, 240;
v0xb390bada0_241 .array/port v0xb390bada0, 241;
E_0xb3907d700/60 .event anyedge, v0xb390bada0_238, v0xb390bada0_239, v0xb390bada0_240, v0xb390bada0_241;
v0xb390bada0_242 .array/port v0xb390bada0, 242;
v0xb390bada0_243 .array/port v0xb390bada0, 243;
v0xb390bada0_244 .array/port v0xb390bada0, 244;
v0xb390bada0_245 .array/port v0xb390bada0, 245;
E_0xb3907d700/61 .event anyedge, v0xb390bada0_242, v0xb390bada0_243, v0xb390bada0_244, v0xb390bada0_245;
v0xb390bada0_246 .array/port v0xb390bada0, 246;
v0xb390bada0_247 .array/port v0xb390bada0, 247;
v0xb390bada0_248 .array/port v0xb390bada0, 248;
v0xb390bada0_249 .array/port v0xb390bada0, 249;
E_0xb3907d700/62 .event anyedge, v0xb390bada0_246, v0xb390bada0_247, v0xb390bada0_248, v0xb390bada0_249;
v0xb390bada0_250 .array/port v0xb390bada0, 250;
v0xb390bada0_251 .array/port v0xb390bada0, 251;
v0xb390bada0_252 .array/port v0xb390bada0, 252;
v0xb390bada0_253 .array/port v0xb390bada0, 253;
E_0xb3907d700/63 .event anyedge, v0xb390bada0_250, v0xb390bada0_251, v0xb390bada0_252, v0xb390bada0_253;
v0xb390bada0_254 .array/port v0xb390bada0, 254;
v0xb390bada0_255 .array/port v0xb390bada0, 255;
E_0xb3907d700/64 .event anyedge, v0xb390bada0_254, v0xb390bada0_255;
E_0xb3907d700 .event/or E_0xb3907d700/0, E_0xb3907d700/1, E_0xb3907d700/2, E_0xb3907d700/3, E_0xb3907d700/4, E_0xb3907d700/5, E_0xb3907d700/6, E_0xb3907d700/7, E_0xb3907d700/8, E_0xb3907d700/9, E_0xb3907d700/10, E_0xb3907d700/11, E_0xb3907d700/12, E_0xb3907d700/13, E_0xb3907d700/14, E_0xb3907d700/15, E_0xb3907d700/16, E_0xb3907d700/17, E_0xb3907d700/18, E_0xb3907d700/19, E_0xb3907d700/20, E_0xb3907d700/21, E_0xb3907d700/22, E_0xb3907d700/23, E_0xb3907d700/24, E_0xb3907d700/25, E_0xb3907d700/26, E_0xb3907d700/27, E_0xb3907d700/28, E_0xb3907d700/29, E_0xb3907d700/30, E_0xb3907d700/31, E_0xb3907d700/32, E_0xb3907d700/33, E_0xb3907d700/34, E_0xb3907d700/35, E_0xb3907d700/36, E_0xb3907d700/37, E_0xb3907d700/38, E_0xb3907d700/39, E_0xb3907d700/40, E_0xb3907d700/41, E_0xb3907d700/42, E_0xb3907d700/43, E_0xb3907d700/44, E_0xb3907d700/45, E_0xb3907d700/46, E_0xb3907d700/47, E_0xb3907d700/48, E_0xb3907d700/49, E_0xb3907d700/50, E_0xb3907d700/51, E_0xb3907d700/52, E_0xb3907d700/53, E_0xb3907d700/54, E_0xb3907d700/55, E_0xb3907d700/56, E_0xb3907d700/57, E_0xb3907d700/58, E_0xb3907d700/59, E_0xb3907d700/60, E_0xb3907d700/61, E_0xb3907d700/62, E_0xb3907d700/63, E_0xb3907d700/64;
S_0xb390b5500 .scope module, "mem_wb4" "mem_wb" 24 37, 27 1 0, S_0xb390b5080;
 .timescale -9 -12;
    .port_info 0 /INPUT 1 "clk";
    .port_info 1 /INPUT 2 "control_wb_in";
    .port_info 2 /INPUT 32 "read_data_in";
    .port_info 3 /INPUT 32 "alu_result_in";
    .port_info 4 /INPUT 5 "write_reg_in";
    .port_info 5 /OUTPUT 1 "regwrite";
    .port_info 6 /OUTPUT 1 "memtoreg";
    .port_info 7 /OUTPUT 32 "read_data";
    .port_info 8 /OUTPUT 32 "mem_alu_result";
    .port_info 9 /OUTPUT 5 "mem_write_reg";
v0xb390bb2a0_0 .net "alu_result_in", 31 0, v0xb39089cc0_0;  alias, 1 drivers
v0xb390bb340_0 .net "clk", 0 0, v0xb390bdc20_0;  alias, 1 drivers
v0xb390bb3e0_0 .net "control_wb_in", 1 0, v0xb3908a4e0_0;  alias, 1 drivers
v0xb390bb480_0 .var "mem_alu_result", 31 0;
v0xb390bb520_0 .var "mem_write_reg", 4 0;
v0xb390bb5c0_0 .var "memtoreg", 0 0;
v0xb390bb660_0 .var "read_data", 31 0;
v0xb390bb700_0 .net "read_data_in", 31 0, v0xb390bb160_0;  alias, 1 drivers
v0xb390bb7a0_0 .var "regwrite", 0 0;
v0xb390bb840_0 .net "write_reg_in", 4 0, v0xb3908a120_0;  alias, 1 drivers
S_0xb390b5680 .scope module, "wb_mux_i" "wb_mux" 24 51, 28 1 0, S_0xb390b5080;
 .timescale -9 -12;
    .port_info 0 /INPUT 32 "read_data";
    .port_info 1 /INPUT 32 "mem_alu_result";
    .port_info 2 /INPUT 1 "sel";
    .port_info 3 /OUTPUT 32 "writedata";
v0xb390bb8e0_0 .net "mem_alu_result", 31 0, v0xb390bb480_0;  alias, 1 drivers
v0xb390bb980_0 .net "read_data", 31 0, v0xb390bb660_0;  alias, 1 drivers
v0xb390bba20_0 .net "sel", 0 0, v0xb390bb5c0_0;  alias, 1 drivers
v0xb390bbac0_0 .net "writedata", 31 0, L_0xb38c717c0;  alias, 1 drivers
L_0xb38c717c0 .functor MUXZ 32, v0xb390bb480_0, v0xb390bb660_0, v0xb390bb5c0_0, C4<>;
    .scope S_0xb390b4f00;
T_0 ;
    %pushi/vec4 0, 0, 32;
    %store/vec4 v0xb390ba260_0, 0, 32;
    %end;
    .thread T_0;
    .scope S_0xb390b4f00;
T_1 ;
    %wait E_0xb3907d500;
    %load/vec4 v0xb390ba300_0;
    %flag_set/vec4 8;
    %jmp/0xz  T_1.0, 8;
    %pushi/vec4 0, 0, 32;
    %assign/vec4 v0xb390ba260_0, 0;
    %jmp T_1.1;
T_1.0 ;
    %load/vec4 v0xb390ba3a0_0;
    %flag_set/vec4 8;
    %jmp/0xz  T_1.2, 8;
    %load/vec4 v0xb390ba1c0_0;
    %assign/vec4 v0xb390ba260_0, 0;
T_1.2 ;
T_1.1 ;
    %jmp T_1;
    .thread T_1;
    .scope S_0xb390b4c00;
T_2 ;
    %pushi/vec4 0, 0, 32;
    %store/vec4 v0xb390b9c20_0, 0, 32;
T_2.0 ;
    %load/vec4 v0xb390b9c20_0;
    %cmpi/s 256, 0, 32;
    %jmp/0xz T_2.1, 5;
    %pushi/vec4 2147483648, 0, 32;
    %ix/getv/s 4, v0xb390b9c20_0;
    %store/vec4a v0xb390b9cc0, 4, 0;
    %load/vec4 v0xb390b9c20_0;
    %addi 1, 0, 32;
    %store/vec4 v0xb390b9c20_0, 0, 32;
    %jmp T_2.0;
T_2.1 ;
    %vpi_call 21 11 "$readmemb", "instr.mem", v0xb390b9cc0 {0 0 0};
    %end;
    .thread T_2;
    .scope S_0xb390b4900;
T_3 ;
    %pushi/vec4 2147483648, 0, 32;
    %store/vec4 v0xb390b94a0_0, 0, 32;
    %pushi/vec4 0, 0, 32;
    %store/vec4 v0xb390b95e0_0, 0, 32;
    %end;
    .thread T_3;
    .scope S_0xb390b4900;
T_4 ;
    %wait E_0xb3907d500;
    %load/vec4 v0xb390b9680_0;
    %flag_set/vec4 8;
    %jmp/0xz  T_4.0, 8;
    %pushi/vec4 2147483648, 0, 32;
    %assign/vec4 v0xb390b94a0_0, 0;
    %pushi/vec4 0, 0, 32;
    %assign/vec4 v0xb390b95e0_0, 0;
    %jmp T_4.1;
T_4.0 ;
    %load/vec4 v0xb390b9720_0;
    %flag_set/vec4 8;
    %jmp/0xz  T_4.2, 8;
    %load/vec4 v0xb390b9400_0;
    %assign/vec4 v0xb390b94a0_0, 0;
    %load/vec4 v0xb390b9540_0;
    %assign/vec4 v0xb390b95e0_0, 0;
T_4.2 ;
T_4.1 ;
    %jmp T_4;
    .thread T_4;
    .scope S_0xb390b4480;
T_5 ;
    %pushi/vec4 2293930, 0, 32;
    %ix/load 4, 0, 0;
    %flag_set/imm 4, 0;
    %store/vec4a v0xb390b2760, 4, 0;
    %pushi/vec4 275071777, 0, 32;
    %ix/load 4, 1, 0;
    %flag_set/imm 4, 0;
    %store/vec4a v0xb390b2760, 4, 0;
    %pushi/vec4 1048610, 0, 32;
    %ix/load 4, 2, 0;
    %flag_set/imm 4, 0;
    %store/vec4a v0xb390b2760, 4, 0;
    %pushi/vec4 2350003286, 0, 32;
    %ix/load 4, 3, 0;
    %flag_set/imm 4, 0;
    %store/vec4a v0xb390b2760, 4, 0;
    %pushi/vec4 2400334934, 0, 32;
    %ix/load 4, 4, 0;
    %flag_set/imm 4, 0;
    %store/vec4a v0xb390b2760, 4, 0;
    %pushi/vec4 2909094689, 0, 32;
    %ix/load 4, 5, 0;
    %flag_set/imm 4, 0;
    %store/vec4a v0xb390b2760, 4, 0;
    %pushi/vec4 1610612838, 0, 32;
    %ix/load 4, 6, 0;
    %flag_set/imm 4, 0;
    %store/vec4a v0xb390b2760, 4, 0;
    %pushi/vec4 318841669, 0, 32;
    %ix/load 4, 7, 0;
    %flag_set/imm 4, 0;
    %store/vec4a v0xb390b2760, 4, 0;
    %pushi/vec4 2892317473, 0, 32;
    %ix/load 4, 8, 0;
    %flag_set/imm 4, 0;
    %store/vec4a v0xb390b2760, 4, 0;
    %pushi/vec4 302064453, 0, 32;
    %ix/load 4, 9, 0;
    %flag_set/imm 4, 0;
    %store/vec4a v0xb390b2760, 4, 0;
    %end;
    .thread T_5;
    .scope S_0xb390b4480;
T_6 ;
    %wait E_0xb3907d500;
    %load/vec4 v0xb390b3980_0;
    %nor/r;
    %flag_set/vec4 10;
    %flag_get/vec4 10;
    %jmp/0 T_6.3, 10;
    %load/vec4 v0xb390b3840_0;
    %and;
T_6.3;
    %flag_set/vec4 9;
    %flag_get/vec4 9;
    %jmp/0 T_6.2, 9;
    %load/vec4 v0xb390b37a0_0;
    %pushi/vec4 0, 0, 5;
    %cmp/ne;
    %flag_get/vec4 4;
    %and;
T_6.2;
    %flag_set/vec4 8;
    %jmp/0xz  T_6.0, 8;
    %load/vec4 v0xb390b3ac0_0;
    %load/vec4 v0xb390b37a0_0;
    %pad/u 7;
    %ix/vec4 3;
    %ix/load 4, 0, 0; Constant delay
    %assign/vec4/a/d v0xb390b2760, 0, 4;
T_6.0 ;
    %jmp T_6;
    .thread T_6;
    .scope S_0xb390b4000;
T_7 ;
    %wait E_0xb3907d6c0;
    %load/vec4 v0xb390b0dc0_0;
    %dup/vec4;
    %pushi/vec4 0, 0, 6;
    %cmp/u;
    %jmp/1 T_7.0, 6;
    %dup/vec4;
    %pushi/vec4 35, 0, 6;
    %cmp/u;
    %jmp/1 T_7.1, 6;
    %dup/vec4;
    %pushi/vec4 43, 0, 6;
    %cmp/u;
    %jmp/1 T_7.2, 6;
    %dup/vec4;
    %pushi/vec4 4, 0, 6;
    %cmp/u;
    %jmp/1 T_7.3, 6;
    %pushi/vec4 0, 0, 2;
    %store/vec4 v0xb390b0f00_0, 0, 2;
    %pushi/vec4 0, 0, 3;
    %store/vec4 v0xb390b0d20_0, 0, 3;
    %pushi/vec4 0, 0, 4;
    %store/vec4 v0xb390b0c80_0, 0, 4;
    %jmp T_7.5;
T_7.0 ;
    %pushi/vec4 2, 0, 2;
    %store/vec4 v0xb390b0f00_0, 0, 2;
    %pushi/vec4 0, 0, 3;
    %store/vec4 v0xb390b0d20_0, 0, 3;
    %pushi/vec4 12, 0, 4;
    %store/vec4 v0xb390b0c80_0, 0, 4;
    %jmp T_7.5;
T_7.1 ;
    %pushi/vec4 3, 0, 2;
    %store/vec4 v0xb390b0f00_0, 0, 2;
    %pushi/vec4 2, 0, 3;
    %store/vec4 v0xb390b0d20_0, 0, 3;
    %pushi/vec4 1, 0, 4;
    %store/vec4 v0xb390b0c80_0, 0, 4;
    %jmp T_7.5;
T_7.2 ;
    %pushi/vec4 0, 0, 2;
    %store/vec4 v0xb390b0f00_0, 0, 2;
    %pushi/vec4 1, 0, 3;
    %store/vec4 v0xb390b0d20_0, 0, 3;
    %pushi/vec4 1, 0, 4;
    %store/vec4 v0xb390b0c80_0, 0, 4;
    %jmp T_7.5;
T_7.3 ;
    %pushi/vec4 0, 0, 2;
    %store/vec4 v0xb390b0f00_0, 0, 2;
    %pushi/vec4 4, 0, 3;
    %store/vec4 v0xb390b0d20_0, 0, 3;
    %pushi/vec4 2, 0, 4;
    %store/vec4 v0xb390b0c80_0, 0, 4;
    %jmp T_7.5;
T_7.5 ;
    %pop/vec4 1;
    %jmp T_7;
    .thread T_7, $push;
    .scope S_0xb390b4300;
T_8 ;
    %wait E_0xb3907d500;
    %load/vec4 v0xb390b23a0_0;
    %flag_set/vec4 8;
    %jmp/0xz  T_8.0, 8;
    %pushi/vec4 0, 0, 2;
    %assign/vec4 v0xb390b2580_0, 0;
    %pushi/vec4 0, 0, 3;
    %assign/vec4 v0xb390b1f40_0, 0;
    %pushi/vec4 0, 0, 4;
    %assign/vec4 v0xb390b1a40_0, 0;
    %pushi/vec4 0, 0, 32;
    %assign/vec4 v0xb390b2080_0, 0;
    %pushi/vec4 0, 0, 32;
    %assign/vec4 v0xb390b21c0_0, 0;
    %pushi/vec4 0, 0, 32;
    %assign/vec4 v0xb390b2300_0, 0;
    %pushi/vec4 0, 0, 32;
    %assign/vec4 v0xb390b24e0_0, 0;
    %pushi/vec4 0, 0, 5;
    %assign/vec4 v0xb390b1d60_0, 0;
    %pushi/vec4 0, 0, 5;
    %assign/vec4 v0xb390b1c20_0, 0;
    %pushi/vec4 0, 0, 5;
    %assign/vec4 v0xb390b1ea0_0, 0;
    %jmp T_8.1;
T_8.0 ;
    %load/vec4 v0xb390b1ae0_0;
    %assign/vec4 v0xb390b2580_0, 0;
    %load/vec4 v0xb390b19a0_0;
    %assign/vec4 v0xb390b1f40_0, 0;
    %load/vec4 v0xb390b1900_0;
    %assign/vec4 v0xb390b1a40_0, 0;
    %load/vec4 v0xb390b1fe0_0;
    %assign/vec4 v0xb390b2080_0, 0;
    %load/vec4 v0xb390b2120_0;
    %assign/vec4 v0xb390b21c0_0, 0;
    %load/vec4 v0xb390b2260_0;
    %assign/vec4 v0xb390b2300_0, 0;
    %load/vec4 v0xb390b2440_0;
    %assign/vec4 v0xb390b24e0_0, 0;
    %load/vec4 v0xb390b1cc0_0;
    %assign/vec4 v0xb390b1d60_0, 0;
    %load/vec4 v0xb390b1b80_0;
    %assign/vec4 v0xb390b1c20_0, 0;
    %load/vec4 v0xb390b1e00_0;
    %assign/vec4 v0xb390b1ea0_0, 0;
T_8.1 ;
    %jmp T_8;
    .thread T_8;
    .scope S_0x1051b01c0;
T_9 ;
    %wait E_0xb3907d540;
    %pushi/vec4 0, 0, 2;
    %store/vec4 v0xb3908a800_0, 0, 2;
    %pushi/vec4 0, 0, 2;
    %store/vec4 v0xb3908a8a0_0, 0, 2;
    %load/vec4 v0xb3908a6c0_0;
    %flag_set/vec4 10;
    %flag_get/vec4 10;
    %jmp/0 T_9.3, 10;
    %load/vec4 v0xb3908a760_0;
    %pushi/vec4 0, 0, 5;
    %cmp/ne;
    %flag_get/vec4 4;
    %and;
T_9.3;
    %flag_set/vec4 9;
    %flag_get/vec4 9;
    %jmp/0 T_9.2, 9;
    %load/vec4 v0xb3908a760_0;
    %load/vec4 v0xb3908a940_0;
    %cmp/e;
    %flag_get/vec4 4;
    %and;
T_9.2;
    %flag_set/vec4 8;
    %jmp/0xz  T_9.0, 8;
    %pushi/vec4 2, 0, 2;
    %store/vec4 v0xb3908a800_0, 0, 2;
    %jmp T_9.1;
T_9.0 ;
    %load/vec4 v0xb3908aa80_0;
    %flag_set/vec4 10;
    %flag_get/vec4 10;
    %jmp/0 T_9.7, 10;
    %load/vec4 v0xb3908ab20_0;
    %pushi/vec4 0, 0, 5;
    %cmp/ne;
    %flag_get/vec4 4;
    %and;
T_9.7;
    %flag_set/vec4 9;
    %flag_get/vec4 9;
    %jmp/0 T_9.6, 9;
    %load/vec4 v0xb3908ab20_0;
    %load/vec4 v0xb3908a940_0;
    %cmp/e;
    %flag_get/vec4 4;
    %and;
T_9.6;
    %flag_set/vec4 8;
    %jmp/0xz  T_9.4, 8;
    %pushi/vec4 1, 0, 2;
    %store/vec4 v0xb3908a800_0, 0, 2;
T_9.4 ;
T_9.1 ;
    %load/vec4 v0xb3908a6c0_0;
    %flag_set/vec4 10;
    %flag_get/vec4 10;
    %jmp/0 T_9.11, 10;
    %load/vec4 v0xb3908a760_0;
    %pushi/vec4 0, 0, 5;
    %cmp/ne;
    %flag_get/vec4 4;
    %and;
T_9.11;
    %flag_set/vec4 9;
    %flag_get/vec4 9;
    %jmp/0 T_9.10, 9;
    %load/vec4 v0xb3908a760_0;
    %load/vec4 v0xb3908a9e0_0;
    %cmp/e;
    %flag_get/vec4 4;
    %and;
T_9.10;
    %flag_set/vec4 8;
    %jmp/0xz  T_9.8, 8;
    %pushi/vec4 2, 0, 2;
    %store/vec4 v0xb3908a8a0_0, 0, 2;
    %jmp T_9.9;
T_9.8 ;
    %load/vec4 v0xb3908aa80_0;
    %flag_set/vec4 10;
    %flag_get/vec4 10;
    %jmp/0 T_9.15, 10;
    %load/vec4 v0xb3908ab20_0;
    %pushi/vec4 0, 0, 5;
    %cmp/ne;
    %flag_get/vec4 4;
    %and;
T_9.15;
    %flag_set/vec4 9;
    %flag_get/vec4 9;
    %jmp/0 T_9.14, 9;
    %load/vec4 v0xb3908ab20_0;
    %load/vec4 v0xb3908a9e0_0;
    %cmp/e;
    %flag_get/vec4 4;
    %and;
T_9.14;
    %flag_set/vec4 8;
    %jmp/0xz  T_9.12, 8;
    %pushi/vec4 1, 0, 2;
    %store/vec4 v0xb3908a8a0_0, 0, 2;
T_9.12 ;
T_9.9 ;
    %jmp T_9;
    .thread T_9, $push;
    .scope S_0x1051c5680;
T_10 ;
    %pushi/vec4 0, 0, 3;
    %assign/vec4 v0xb39089860_0, 0;
    %end;
    .thread T_10;
    .scope S_0x1051c5680;
T_11 ;
    %wait E_0xb3907d4c0;
    %load/vec4 v0xb39089720_0;
    %cmpi/e 2, 0, 2;
    %jmp/0xz  T_11.0, 4;
    %load/vec4 v0xb390897c0_0;
    %dup/vec4;
    %pushi/vec4 32, 0, 6;
    %cmp/u;
    %jmp/1 T_11.2, 6;
    %dup/vec4;
    %pushi/vec4 34, 0, 6;
    %cmp/u;
    %jmp/1 T_11.3, 6;
    %dup/vec4;
    %pushi/vec4 36, 0, 6;
    %cmp/u;
    %jmp/1 T_11.4, 6;
    %dup/vec4;
    %pushi/vec4 37, 0, 6;
    %cmp/u;
    %jmp/1 T_11.5, 6;
    %dup/vec4;
    %pushi/vec4 42, 0, 6;
    %cmp/u;
    %jmp/1 T_11.6, 6;
    %pushi/vec4 3, 0, 3;
    %assign/vec4 v0xb39089860_0, 0;
    %jmp T_11.8;
T_11.2 ;
    %pushi/vec4 2, 0, 3;
    %assign/vec4 v0xb39089860_0, 0;
    %jmp T_11.8;
T_11.3 ;
    %pushi/vec4 6, 0, 3;
    %assign/vec4 v0xb39089860_0, 0;
    %jmp T_11.8;
T_11.4 ;
    %pushi/vec4 0, 0, 3;
    %assign/vec4 v0xb39089860_0, 0;
    %jmp T_11.8;
T_11.5 ;
    %pushi/vec4 1, 0, 3;
    %assign/vec4 v0xb39089860_0, 0;
    %jmp T_11.8;
T_11.6 ;
    %pushi/vec4 7, 0, 3;
    %assign/vec4 v0xb39089860_0, 0;
    %jmp T_11.8;
T_11.8 ;
    %pop/vec4 1;
    %jmp T_11.1;
T_11.0 ;
    %load/vec4 v0xb39089720_0;
    %cmpi/e 0, 0, 2;
    %jmp/0xz  T_11.9, 4;
    %pushi/vec4 2, 0, 3;
    %assign/vec4 v0xb39089860_0, 0;
    %jmp T_11.10;
T_11.9 ;
    %load/vec4 v0xb39089720_0;
    %cmpi/e 1, 0, 2;
    %jmp/0xz  T_11.11, 4;
    %pushi/vec4 6, 0, 3;
    %assign/vec4 v0xb39089860_0, 0;
    %jmp T_11.12;
T_11.11 ;
    %load/vec4 v0xb39089720_0;
    %cmpi/e 3, 0, 2;
    %jmp/0xz  T_11.13, 4;
    %pushi/vec4 3, 0, 3;
    %assign/vec4 v0xb39089860_0, 0;
    %jmp T_11.14;
T_11.13 ;
    %load/vec4 v0xb39089860_0;
    %assign/vec4 v0xb39089860_0, 0;
T_11.14 ;
T_11.12 ;
T_11.10 ;
T_11.1 ;
    %jmp T_11;
    .thread T_11, $push;
    .scope S_0x1051c1ed0;
T_12 ;
    %pushi/vec4 0, 0, 32;
    %assign/vec4 v0xb39089540_0, 0;
    %end;
    .thread T_12;
    .scope S_0x1051c1ed0;
T_13 ;
    %wait E_0xb3907d080;
    %load/vec4 v0xb390894a0_0;
    %dup/vec4;
    %pushi/vec4 2, 0, 3;
    %cmp/u;
    %jmp/1 T_13.0, 6;
    %dup/vec4;
    %pushi/vec4 6, 0, 3;
    %cmp/u;
    %jmp/1 T_13.1, 6;
    %dup/vec4;
    %pushi/vec4 0, 0, 3;
    %cmp/u;
    %jmp/1 T_13.2, 6;
    %dup/vec4;
    %pushi/vec4 1, 0, 3;
    %cmp/u;
    %jmp/1 T_13.3, 6;
    %dup/vec4;
    %pushi/vec4 7, 0, 3;
    %cmp/u;
    %jmp/1 T_13.4, 6;
    %pushi/vec4 4294967295, 4294967295, 32;
    %store/vec4 v0xb39089540_0, 0, 32;
    %jmp T_13.6;
T_13.0 ;
    %load/vec4 v0xb39089360_0;
    %load/vec4 v0xb39089400_0;
    %add;
    %store/vec4 v0xb39089540_0, 0, 32;
    %jmp T_13.6;
T_13.1 ;
    %load/vec4 v0xb39089360_0;
    %load/vec4 v0xb39089400_0;
    %sub;
    %store/vec4 v0xb39089540_0, 0, 32;
    %jmp T_13.6;
T_13.2 ;
    %load/vec4 v0xb39089360_0;
    %load/vec4 v0xb39089400_0;
    %and;
    %store/vec4 v0xb39089540_0, 0, 32;
    %jmp T_13.6;
T_13.3 ;
    %load/vec4 v0xb39089360_0;
    %load/vec4 v0xb39089400_0;
    %or;
    %store/vec4 v0xb39089540_0, 0, 32;
    %jmp T_13.6;
T_13.4 ;
    %load/vec4 v0xb39089360_0;
    %load/vec4 v0xb39089400_0;
    %cmp/u;
    %flag_mov 8, 5;
    %jmp/0 T_13.7, 8;
    %pushi/vec4 1, 0, 32;
    %load/vec4 v0xb390895e0_0;
    %pad/u 32;
    %sub;
    %jmp/1 T_13.8, 8;
T_13.7 ; End of true expr.
    %pushi/vec4 0, 0, 32;
    %load/vec4 v0xb390895e0_0;
    %pad/u 32;
    %add;
    %jmp/0 T_13.8, 8;
 ; End of false expr.
    %blend;
T_13.8;
    %store/vec4 v0xb39089540_0, 0, 32;
    %jmp T_13.6;
T_13.6 ;
    %pop/vec4 1;
    %jmp T_13;
    .thread T_13, $push;
    .scope S_0x1051b8490;
T_14 ;
    %pushi/vec4 0, 0, 2;
    %assign/vec4 v0xb3908a4e0_0, 0;
    %pushi/vec4 0, 0, 1;
    %assign/vec4 v0xb39089ea0_0, 0;
    %pushi/vec4 0, 0, 1;
    %assign/vec4 v0xb3908a1c0_0, 0;
    %pushi/vec4 0, 0, 1;
    %assign/vec4 v0xb3908a260_0, 0;
    %pushi/vec4 0, 0, 32;
    %assign/vec4 v0xb39089b80_0, 0;
    %pushi/vec4 0, 0, 1;
    %assign/vec4 v0xb3908a580_0, 0;
    %pushi/vec4 0, 0, 32;
    %assign/vec4 v0xb39089cc0_0, 0;
    %pushi/vec4 0, 0, 32;
    %assign/vec4 v0xb3908a3a0_0, 0;
    %pushi/vec4 0, 0, 5;
    %assign/vec4 v0xb3908a120_0, 0;
    %end;
    .thread T_14;
    .scope S_0x1051b8490;
T_15 ;
    %wait E_0xb3907d500;
    %load/vec4 v0xb3908a080_0;
    %assign/vec4 v0xb3908a4e0_0, 0;
    %load/vec4 v0xb39089fe0_0;
    %parti/s 1, 2, 3;
    %assign/vec4 v0xb39089ea0_0, 0;
    %load/vec4 v0xb39089fe0_0;
    %parti/s 1, 1, 2;
    %assign/vec4 v0xb3908a1c0_0, 0;
    %load/vec4 v0xb39089fe0_0;
    %parti/s 1, 0, 2;
    %assign/vec4 v0xb3908a260_0, 0;
    %load/vec4 v0xb39089c20_0;
    %assign/vec4 v0xb39089b80_0, 0;
    %load/vec4 v0xb39089e00_0;
    %assign/vec4 v0xb3908a580_0, 0;
    %load/vec4 v0xb39089d60_0;
    %assign/vec4 v0xb39089cc0_0, 0;
    %load/vec4 v0xb3908a440_0;
    %assign/vec4 v0xb3908a3a0_0, 0;
    %load/vec4 v0xb3908a300_0;
    %assign/vec4 v0xb3908a120_0, 0;
    %jmp T_15;
    .thread T_15;
    .scope S_0xb390b5380;
T_16 ;
    %pushi/vec4 0, 0, 32;
    %store/vec4 v0xb390bb160_0, 0, 32;
    %pushi/vec4 0, 0, 32;
    %store/vec4 v0xb390baf80_0, 0, 32;
T_16.0 ;
    %load/vec4 v0xb390baf80_0;
    %cmpi/s 256, 0, 32;
    %jmp/0xz T_16.1, 5;
    %pushi/vec4 0, 0, 32;
    %ix/getv/s 4, v0xb390baf80_0;
    %store/vec4a v0xb390bada0, 4, 0;
    %load/vec4 v0xb390baf80_0;
    %addi 1, 0, 32;
    %store/vec4 v0xb390baf80_0, 0, 32;
    %jmp T_16.0;
T_16.1 ;
    %vpi_call 26 16 "$readmemb", "data.mem", v0xb390bada0 {0 0 0};
    %pushi/vec4 0, 0, 32;
    %store/vec4 v0xb390baf80_0, 0, 32;
T_16.2 ;
    %load/vec4 v0xb390baf80_0;
    %cmpi/s 6, 0, 32;
    %jmp/0xz T_16.3, 5;
    %vpi_call 26 18 "$display", "\011DMEM[%0d] = %0d", v0xb390baf80_0, &A<v0xb390bada0, v0xb390baf80_0 > {0 0 0};
    %load/vec4 v0xb390baf80_0;
    %addi 1, 0, 32;
    %store/vec4 v0xb390baf80_0, 0, 32;
    %jmp T_16.2;
T_16.3 ;
    %end;
    .thread T_16;
    .scope S_0xb390b5380;
T_17 ;
    %wait E_0xb3907d700;
    %load/vec4 v0xb390bb020_0;
    %flag_set/vec4 8;
    %jmp/0xz  T_17.0, 8;
    %ix/getv 4, v0xb390bae40_0;
    %load/vec4a v0xb390bada0, 4;
    %store/vec4 v0xb390bb160_0, 0, 32;
    %jmp T_17.1;
T_17.0 ;
    %pushi/vec4 0, 0, 32;
    %store/vec4 v0xb390bb160_0, 0, 32;
T_17.1 ;
    %jmp T_17;
    .thread T_17, $push;
    .scope S_0xb390b5380;
T_18 ;
    %wait E_0xb3907d500;
    %load/vec4 v0xb390bb0c0_0;
    %flag_set/vec4 8;
    %jmp/0xz  T_18.0, 8;
    %load/vec4 v0xb390bb200_0;
    %ix/getv 3, v0xb390bae40_0;
    %ix/load 4, 0, 0; Constant delay
    %assign/vec4/a/d v0xb390bada0, 0, 4;
T_18.0 ;
    %jmp T_18;
    .thread T_18;
    .scope S_0xb390b5500;
T_19 ;
    %pushi/vec4 0, 0, 1;
    %store/vec4 v0xb390bb7a0_0, 0, 1;
    %pushi/vec4 0, 0, 1;
    %store/vec4 v0xb390bb5c0_0, 0, 1;
    %pushi/vec4 0, 0, 32;
    %store/vec4 v0xb390bb660_0, 0, 32;
    %pushi/vec4 0, 0, 32;
    %store/vec4 v0xb390bb480_0, 0, 32;
    %pushi/vec4 0, 0, 5;
    %store/vec4 v0xb390bb520_0, 0, 5;
    %end;
    .thread T_19;
    .scope S_0xb390b5500;
T_20 ;
    %wait E_0xb3907d500;
    %load/vec4 v0xb390bb3e0_0;
    %parti/s 1, 1, 2;
    %assign/vec4 v0xb390bb7a0_0, 0;
    %load/vec4 v0xb390bb3e0_0;
    %parti/s 1, 0, 2;
    %assign/vec4 v0xb390bb5c0_0, 0;
    %load/vec4 v0xb390bb700_0;
    %assign/vec4 v0xb390bb660_0, 0;
    %load/vec4 v0xb390bb2a0_0;
    %assign/vec4 v0xb390bb480_0, 0;
    %load/vec4 v0xb390bb840_0;
    %assign/vec4 v0xb390bb520_0, 0;
    %jmp T_20;
    .thread T_20;
    .scope S_0x1051c1bb0;
T_21 ;
    %pushi/vec4 0, 0, 1;
    %store/vec4 v0xb390bdc20_0, 0, 1;
    %end;
    .thread T_21;
    .scope S_0x1051c1bb0;
T_22 ;
    %delay 5000, 0;
    %load/vec4 v0xb390bdc20_0;
    %inv;
    %store/vec4 v0xb390bdc20_0, 0, 1;
    %jmp T_22;
    .thread T_22;
    .scope S_0x1051c1bb0;
T_23 ;
    %vpi_call 2 22 "$dumpfile", "mips_pipeline_tb.vcd" {0 0 0};
    %vpi_call 2 23 "$dumpvars", 32'sb00000000000000000000000000000000, S_0x1051c1bb0 {0 0 0};
    %end;
    .thread T_23;
    .scope S_0x1051c1bb0;
T_24 ;
    %pushi/vec4 0, 0, 32;
    %store/vec4 v0xb390bdcc0_0, 0, 32;
    %end;
    .thread T_24;
    .scope S_0x1051c1bb0;
T_25 ;
    %wait E_0xb3907d500;
    %load/vec4 v0xb390bdcc0_0;
    %addi 1, 0, 32;
    %assign/vec4 v0xb390bdcc0_0, 0;
    %jmp T_25;
    .thread T_25;
    .scope S_0x1051c1bb0;
T_26 ;
    %wait E_0xb3907cf00;
    %vpi_call 2 31 "$display", "---- Cycle %0d (t=%0t) ----", v0xb390bdcc0_0, $time {0 0 0};
    %vpi_call 2 34 "$display", "  IF/ID : pc_next=%h  instr=%h", v0xb390ba8a0_0, v0xb390bd2c0_0 {0 0 0};
    %vpi_call 2 39 "$display", "  ID/EX : npc=%h  rd1=%h  rd2=%h  imm=%h  rt=%0d  rd=%0d  WB=%b MEM=%b EX=%b", v0xb390bcfa0_0, v0xb390bd040_0, v0xb390bd0e0_0, v0xb390bd180_0, v0xb390bcdc0_0, v0xb390bcd20_0, v0xb390bd220_0, v0xb390bcf00_0, v0xb390bcc80_0 {0 0 0};
    %vpi_call 2 51 "$display", "  EX/MEM: alu=%h  rdat2=%h  wreg=%0d  zero=%b  br=%b mr=%b mw=%b  WB=%b", v0xb390bc6e0_0, v0xb390bca00_0, v0xb390bcb40_0, v0xb390bcbe0_0, v0xb390bc780_0, v0xb390bc820_0, v0xb390bc8c0_0, v0xb390bcaa0_0 {0 0 0};
    %vpi_call 2 62 "$display", "  WB    : regwrite=%b  wdata=%h  wreg=%0d", v0xb390bd680_0, v0xb390bd720_0, v0xb390bd7c0_0 {0 0 0};
    %vpi_call 2 68 "$display", "  REGS  : R0=%h  R1=%h  R2=%h  R3=%h", &A<v0xb390b2760, 0>, &A<v0xb390b2760, 1>, &A<v0xb390b2760, 2>, &A<v0xb390b2760, 3> {0 0 0};
    %jmp T_26;
    .thread T_26;
    .scope S_0x1051c1bb0;
T_27 ;
    %delay 350000, 0;
    %vpi_call 2 76 "$display", "\012==== FINAL REGISTER STATE ====" {0 0 0};
    %vpi_call 2 77 "$display", "  R0 = %h (%0d)", &A<v0xb390b2760, 0>, &A<v0xb390b2760, 0> {0 0 0};
    %vpi_call 2 78 "$display", "  R1 = %h (%0d)", &A<v0xb390b2760, 1>, &A<v0xb390b2760, 1> {0 0 0};
    %vpi_call 2 79 "$display", "  R2 = %h (%0d)", &A<v0xb390b2760, 2>, &A<v0xb390b2760, 2> {0 0 0};
    %vpi_call 2 80 "$display", "  R3 = %h (%0d)", &A<v0xb390b2760, 3>, &A<v0xb390b2760, 3> {0 0 0};
    %vpi_call 2 81 "$display", "  Expected: R1 should evolve 1 -> 3 -> 6 -> 12 -> 12+R0_initial" {0 0 0};
    %vpi_call 2 82 "$finish" {0 0 0};
    %end;
    .thread T_27;
# The file index is used to find the file name in the following table.
:file_names 29;
    "N/A";
    "<interactive>";
    "mips_pipeline_tb.v";
    "mips_pipeline_top.v";
    "Execute/execute.v";
    "Execute/adder.v";
    "Execute/alu.v";
    "Execute/alu_control.v";
    "Execute/bottom_mux.v";
    "Execute/ex_mem.v";
    "Execute/forwarding_unit.v";
    "Execute/top_mux.v";
    "Decode/decode.v";
    "Decode/control.v";
    "Decode/hazard_detection.v";
    "Decode/idEXLatch.v";
    "Decode/regfile.v";
    "Decode/signExt.v";
    "Instruction_Fetch/fetch.v";
    "Instruction_Fetch/ifIdLatch.v";
    "Instruction_Fetch/incrementer.v";
    "Instruction_Fetch/instrMem.v";
    "Instruction_Fetch/mux.v";
    "Instruction_Fetch/pc.v";
    "Memory_WB/mem_stage.v";
    "Memory_WB/and.v";
    "Memory_WB/mem.v";
    "Memory_WB/mem_wb_latch.v";
    "Memory_WB/wb_mux.v";
